Component: ARM Compiler 5.06 update 4 (build 422) Tool: armlink [4d35d2]

==============================================================================

Section Cross References

    main.o(.text) refers to _printf_percent.o(.ARM.Collect$$_printf_percent$$00000000) for _printf_percent
    main.o(.text) refers to _printf_d.o(.ARM.Collect$$_printf_percent$$00000009) for _printf_d
    main.o(.text) refers to _printf_dec.o(.text) for _printf_int_dec
    main.o(.text) refers to _printf_f.o(.ARM.Collect$$_printf_percent$$00000003) for _printf_f
    main.o(.text) refers to printf1.o(x$fpl$printf1) for _printf_fp_dec
    main.o(.text) refers to misc.o(.text) for NVIC_PriorityGroupConfig
    main.o(.text) refers to delay.o(.text) for delay_init
    main.o(.text) refers to led.o(.text) for LED_Init
    main.o(.text) refers to motor.o(.text) for motorInit
    main.o(.text) refers to usart.o(.text) for uart_init
    main.o(.text) refers to encoder.o(.text) for Encoder1_Init_TIM4
    main.o(.text) refers to pid.o(.text) for pidInit
    main.o(.text) refers to dflt_clz.o(x$fpl$dflt) for __aeabi_i2d
    main.o(.text) refers to pow.o(i.__hardfp_pow) for __hardfp_pow
    main.o(.text) refers to dmul.o(x$fpl$dmul) for __aeabi_dmul
    main.o(.text) refers to dflt_clz.o(x$fpl$dfltu) for __aeabi_ui2d
    main.o(.text) refers to daddsub_clz.o(x$fpl$dadd) for __aeabi_dadd
    main.o(.text) refers to dfixu.o(x$fpl$dfixu) for __aeabi_d2uiz
    main.o(.text) refers to stm32f4xx_usart.o(.text) for USART_GetFlagStatus
    main.o(.text) refers to noretval__2printf.o(.text) for __2printf
    main.o(.text) refers to f2d.o(x$fpl$f2d) for __aeabi_f2d
    main.o(.text) refers to main.o(.data) for pct1
    main.o(.text) refers to usart.o(.data) for USART_RX_STA
    main.o(.text) refers to usart.o(.bss) for USART_RX_BUF
    main.o(.text) refers to pid.o(.data) for set_point
    main.o(.text) refers to encoder.o(.data) for leftEncoderVal
    system_stm32f4xx.o(.text) refers to system_stm32f4xx.o(.data) for SystemCoreClock
    led.o(.text) refers to stm32f4xx_rcc.o(.text) for RCC_AHB1PeriphClockCmd
    led.o(.text) refers to stm32f4xx_gpio.o(.text) for GPIO_Init
    led.o(.text) refers to delay.o(.text) for delay_ms
    pwm.o(.text) refers to stm32f4xx_rcc.o(.text) for RCC_APB2PeriphClockCmd
    pwm.o(.text) refers to stm32f4xx_gpio.o(.text) for GPIO_PinAFConfig
    pwm.o(.text) refers to stm32f4xx_tim.o(.text) for TIM_TimeBaseInit
    pid.o(.text) refers to pid.o(.data) for Kp
    motor.o(.text) refers to pwm.o(.text) for motor1_TIM1_PWM_Init
    motor.o(.text) refers to stm32f4xx_tim.o(.text) for TIM_SetCompare4
    encoder.o(.text) refers to stm32f4xx_rcc.o(.text) for RCC_APB1PeriphClockCmd
    encoder.o(.text) refers to stm32f4xx_gpio.o(.text) for GPIO_PinAFConfig
    encoder.o(.text) refers to stm32f4xx_tim.o(.text) for TIM_TimeBaseInit
    encoder.o(.text) refers to misc.o(.text) for NVIC_Init
    encoder.o(.text) refers to encoder.o(.data) for leftEncoderVal
    delay.o(.text) refers to misc.o(.text) for SysTick_CLKSourceConfig
    delay.o(.text) refers to delay.o(.data) for fac_us
    usart.o(.rev16_text) refers (Special) to use_no_semi_2.o(.text) for __use_no_semihosting
    usart.o(.revsh_text) refers (Special) to use_no_semi_2.o(.text) for __use_no_semihosting
    usart.o(.text) refers (Special) to use_no_semi_2.o(.text) for __use_no_semihosting
    usart.o(.text) refers to stm32f4xx_rcc.o(.text) for RCC_AHB1PeriphClockCmd
    usart.o(.text) refers to stm32f4xx_gpio.o(.text) for GPIO_PinAFConfig
    usart.o(.text) refers to stm32f4xx_usart.o(.text) for USART_Init
    usart.o(.text) refers to misc.o(.text) for NVIC_Init
    usart.o(.text) refers to usart.o(.data) for USART_RX_STA
    usart.o(.text) refers to usart.o(.bss) for USART_RX_BUF
    usart.o(.bss) refers (Special) to use_no_semi_2.o(.text) for __use_no_semihosting
    usart.o(.data) refers (Special) to use_no_semi_2.o(.text) for __use_no_semihosting
    startup_stm32f40_41xxx.o(STACK) refers (Special) to heapauxi.o(.text) for __use_two_region_memory
    startup_stm32f40_41xxx.o(HEAP) refers (Special) to heapauxi.o(.text) for __use_two_region_memory
    startup_stm32f40_41xxx.o(RESET) refers (Special) to heapauxi.o(.text) for __use_two_region_memory
    startup_stm32f40_41xxx.o(RESET) refers to startup_stm32f40_41xxx.o(STACK) for __initial_sp
    startup_stm32f40_41xxx.o(RESET) refers to startup_stm32f40_41xxx.o(.text) for Reset_Handler
    startup_stm32f40_41xxx.o(RESET) refers to stm32f4xx_it.o(.text) for NMI_Handler
    startup_stm32f40_41xxx.o(RESET) refers to encoder.o(.text) for TIM2_IRQHandler
    startup_stm32f40_41xxx.o(RESET) refers to usart.o(.text) for USART1_IRQHandler
    startup_stm32f40_41xxx.o(.text) refers (Special) to heapauxi.o(.text) for __use_two_region_memory
    startup_stm32f40_41xxx.o(.text) refers to system_stm32f4xx.o(.text) for SystemInit
[...]
    .ARM.Collect$$libshutdown$$00000010      0x08000226   Section        2  libshutdown2.o(.ARM.Collect$$libshutdown$$00000010)
    .ARM.Collect$$rtentry$$00000000          0x08000228   Section        0  __rtentry.o(.ARM.Collect$$rtentry$$00000000)
    .ARM.Collect$$rtentry$$00000002          0x08000228   Section        0  __rtentry2.o(.ARM.Collect$$rtentry$$00000002)
    .ARM.Collect$$rtentry$$00000004          0x08000228   Section        6  __rtentry4.o(.ARM.Collect$$rtentry$$00000004)
    .ARM.Collect$$rtentry$$00000009          0x0800022e   Section        0  __rtentry2.o(.ARM.Collect$$rtentry$$00000009)
    .ARM.Collect$$rtentry$$0000000A          0x0800022e   Section        4  __rtentry2.o(.ARM.Collect$$rtentry$$0000000A)
    .ARM.Collect$$rtentry$$0000000C          0x08000232   Section        0  __rtentry2.o(.ARM.Collect$$rtentry$$0000000C)
    .ARM.Collect$$rtentry$$0000000D          0x08000232   Section        8  __rtentry2.o(.ARM.Collect$$rtentry$$0000000D)
    .ARM.Collect$$rtexit$$00000000           0x0800023a   Section        2  rtexit.o(.ARM.Collect$$rtexit$$00000000)
    .ARM.Collect$$rtexit$$00000002           0x0800023c   Section        0  rtexit2.o(.ARM.Collect$$rtexit$$00000002)
    .ARM.Collect$$rtexit$$00000003           0x0800023c   Section        4  rtexit2.o(.ARM.Collect$$rtexit$$00000003)
    .ARM.Collect$$rtexit$$00000004           0x08000240   Section        6  rtexit2.o(.ARM.Collect$$rtexit$$00000004)
    .text                                    0x08000248   Section        0  main.o(.text)
    .text                                    0x08000538   Section        0  stm32f4xx_it.o(.text)
    .text                                    0x08000554   Section        0  system_stm32f4xx.o(.text)
    SetSysClock                              0x08000555   Thumb Code   220  system_stm32f4xx.o(.text)
    .text                                    0x08000764   Section        0  led.o(.text)
    .text                                    0x080007b8   Section        0  pwm.o(.text)
    .text                                    0x08000900   Section        0  pid.o(.text)
    .text                                    0x08000b70   Section        0  motor.o(.text)
    .text                                    0x08000bb4   Section        0  encoder.o(.text)
    .text                                    0x08000df4   Section        0  delay.o(.text)
    .text                                    0x08000ef8   Section        0  usart.o(.text)
    .text                                    0x08001044   Section       64  startup_stm32f40_41xxx.o(.text)
    $v0                                      0x08001044   Number         0  startup_stm32f40_41xxx.o(.text)
    .text                                    0x08001084   Section        0  misc.o(.text)
    .text                                    0x08001164   Section        0  stm32f4xx_gpio.o(.text)
    .text                                    0x080013f8   Section        0  stm32f4xx_usart.o(.text)
    .text                                    0x0800184c   Section        0  stm32f4xx_tim.o(.text)
    TI4_Config                               0x08001feb   Thumb Code    80  stm32f4xx_tim.o(.text)
    TI3_Config                               0x0800204d   Thumb Code    72  stm32f4xx_tim.o(.text)
    TI2_Config                               0x080020af   Thumb Code    90  stm32f4xx_tim.o(.text)
    TI1_Config                               0x0800211b   Thumb Code    58  stm32f4xx_tim.o(.text)
    .text                                    0x080024f0   Section        0  stm32f4xx_rcc.o(.text)
    .text                                    0x08002b4c   Section        2  use_no_semi_2.o(.text)
    .text                                    0x08002b50   Section        0  noretval__2printf.o(.text)
    .text                                    0x08002b68   Section        0  __printf.o(.text)
    .text                                    0x08002bd0   Section        0  _printf_dec.o(.text)
    .text                                    0x08002c48   Section        0  heapauxi.o(.text)
    .text                                    0x08002c4e   Section        2  use_no_semi.o(.text)
    .text                                    0x08002c50   Section        0  _rserrno.o(.text)
    .text                                    0x08002c66   Section        0  _printf_intcommon.o(.text)
    .text                                    0x08002d18   Section        0  _printf_fp_dec.o(.text)
    _fp_digits                               0x08002d1b   Thumb Code   428  _printf_fp_dec.o(.text)
    .text                                    0x08003134   Section        0  _printf_char_file.o(.text)
    .text                                    0x08003158   Section        8  rt_locale_intlibspace.o(.text)
    .text                                    0x08003160   Section        8  rt_errno_addr_intlibspace.o(.text)
    .text                                    0x08003168   Section      138  lludiv10.o(.text)
    .text                                    0x080031f4   Section        0  _printf_char_common.o(.text)
    _printf_input_char                       0x080031f5   Thumb Code    10  _printf_char_common.o(.text)
    .text                                    0x08003224   Section        0  _printf_fp_infnan.o(.text)
    .text                                    0x080032a4   Section        0  bigflt0.o(.text)
    .text                                    0x08003380   Section        0  ferror.o(.text)
    .text                                    0x08003388   Section        8  libspace.o(.text)
    .text                                    0x08003390   Section       74  sys_stackheap_outer.o(.text)
    .text                                    0x080033da   Section        0  exit.o(.text)
    .text                                    0x080033ec   Section      128  strcmpv7m.o(.text)
    CL$$btod_d2e                             0x0800346c   Section       62  btod.o(CL$$btod_d2e)
    CL$$btod_d2e_denorm_low                  0x080034aa   Section       70  btod.o(CL$$btod_d2e_denorm_low)
    CL$$btod_d2e_norm_op1                    0x080034f0   Section       96  btod.o(CL$$btod_d2e_norm_op1)
    CL$$btod_div_common                      0x08003550   Section      824  btod.o(CL$$btod_div_common)
    CL$$btod_e2e                             0x08003888   Section      198  btod.o(CL$$btod_e2e)
    CL$$btod_ediv                            0x0800394e   Section       40  btod.o(CL$$btod_ediv)
    CL$$btod_emul                            0x08003976   Section       40  btod.o(CL$$btod_emul)
    CL$$btod_mult_common                     0x0800399e   Section      580  btod.o(CL$$btod_mult_common)
    i.__ARM_fpclassify                       0x08003be2   Section        0  fpclassify.o(i.__ARM_fpclassify)
    i.__hardfp_pow                           0x08003c18   Section        0  pow.o(i.__hardfp_pow)
    i.__kernel_poly                          0x08004868   Section        0  poly.o(i.__kernel_poly)
    i.__mathlib_dbl_divzero                  0x08004960   Section        0  dunder.o(i.__mathlib_dbl_divzero)
    i.__mathlib_dbl_infnan2                  0x08004990   Section        0  dunder.o(i.__mathlib_dbl_infnan2)
    i.__mathlib_dbl_invalid                  0x080049a8   Section        0  dunder.o(i.__mathlib_dbl_invalid)
    i.__mathlib_dbl_overflow                 0x080049c8   Section        0  dunder.o(i.__mathlib_dbl_overflow)
    i.__mathlib_dbl_underflow                0x080049e8   Section        0  dunder.o(i.__mathlib_dbl_underflow)
    i.fabs                                   0x08004a08   Section        0  fabs.o(i.fabs)
    i.sqrt                                   0x08004a20   Section        0  sqrt.o(i.sqrt)
    locale$$code                             0x08004a90   Section       44  lc_numeric_c.o(locale$$code)
    x$fpl$basic                              0x08004abc   Section       24  basic.o(x$fpl$basic)
    $v0                                      0x08004abc   Number         0  basic.o(x$fpl$basic)
    x$fpl$dadd                               0x08004ad4   Section      336  daddsub_clz.o(x$fpl$dadd)
    $v0                                      0x08004ad4   Number         0  daddsub_clz.o(x$fpl$dadd)
    _dadd1                                   0x08004ae5   Thumb Code     0  daddsub_clz.o(x$fpl$dadd)
    x$fpl$dcheck1                            0x08004c24   Section       16  dcheck1.o(x$fpl$dcheck1)
    $v0                                      0x08004c24   Number         0  dcheck1.o(x$fpl$dcheck1)
    x$fpl$dcmpinf                            0x08004c34   Section       24  dcmpi.o(x$fpl$dcmpinf)
    $v0                                      0x08004c34   Number         0  dcmpi.o(x$fpl$dcmpinf)
    x$fpl$ddiv                               0x08004c4c   Section      688  ddiv.o(x$fpl$ddiv)
    $v0                                      0x08004c4c   Number         0  ddiv.o(x$fpl$ddiv)
    ddiv_entry                               0x08004c53   Thumb Code     0  ddiv.o(x$fpl$ddiv)
    x$fpl$dfixu                              0x08004efc   Section       90  dfixu.o(x$fpl$dfixu)
    $v0                                      0x08004efc   Number         0  dfixu.o(x$fpl$dfixu)
    x$fpl$dflt                               0x08004f56   Section       46  dflt_clz.o(x$fpl$dflt)
    $v0                                      0x08004f56   Number         0  dflt_clz.o(x$fpl$dflt)
    x$fpl$dfltu                              0x08004f84   Section       38  dflt_clz.o(x$fpl$dfltu)
    $v0                                      0x08004f84   Number         0  dflt_clz.o(x$fpl$dfltu)
    x$fpl$dleqf                              0x08004fac   Section      120  dleqf.o(x$fpl$dleqf)
    $v0                                      0x08004fac   Number         0  dleqf.o(x$fpl$dleqf)
    x$fpl$dmul                               0x08005024   Section      340  dmul.o(x$fpl$dmul)
    $v0                                      0x08005024   Number         0  dmul.o(x$fpl$dmul)
    x$fpl$dnaninf                            0x08005178   Section      156  dnaninf.o(x$fpl$dnaninf)
    $v0                                      0x08005178   Number         0  dnaninf.o(x$fpl$dnaninf)
    x$fpl$dretinf                            0x08005214   Section       12  dretinf.o(x$fpl$dretinf)
    $v0                                      0x08005214   Number         0  dretinf.o(x$fpl$dretinf)
    x$fpl$drleqf                             0x08005220   Section      108  drleqf.o(x$fpl$drleqf)
    $v0                                      0x08005220   Number         0  drleqf.o(x$fpl$drleqf)
    x$fpl$drsb                               0x0800528c   Section       22  daddsub_clz.o(x$fpl$drsb)
    $v0                                      0x0800528c   Number         0  daddsub_clz.o(x$fpl$drsb)
    x$fpl$dsqrt                              0x080052a4   Section      408  dsqrt_umaal.o(x$fpl$dsqrt)
    $v0                                      0x080052a4   Number         0  dsqrt_umaal.o(x$fpl$dsqrt)
    x$fpl$dsub                               0x0800543c   Section      468  daddsub_clz.o(x$fpl$dsub)
    $v0                                      0x0800543c   Number         0  daddsub_clz.o(x$fpl$dsub)
    _dsub1                                   0x0800544d   Thumb Code     0  daddsub_clz.o(x$fpl$dsub)
    x$fpl$f2d                                0x08005610   Section       86  f2d.o(x$fpl$f2d)
    $v0                                      0x08005610   Number         0  f2d.o(x$fpl$f2d)
    x$fpl$fnaninf                            0x08005666   Section      140  fnaninf.o(x$fpl$fnaninf)
    $v0                                      0x08005666   Number         0  fnaninf.o(x$fpl$fnaninf)
    x$fpl$fpinit                             0x080056f2   Section       10  fpinit.o(x$fpl$fpinit)
    $v0                                      0x080056f2   Number         0  fpinit.o(x$fpl$fpinit)
    x$fpl$printf1                            0x080056fc   Section        4  printf1.o(x$fpl$printf1)
    $v0                                      0x080056fc   Number         0  printf1.o(x$fpl$printf1)
    x$fpl$retnan                             0x08005700   Section      100  retnan.o(x$fpl$retnan)
    $v0                                      0x08005700   Number         0  retnan.o(x$fpl$retnan)
    x$fpl$scalbn                             0x08005764   Section       92  scalbn.o(x$fpl$scalbn)
    $v0                                      0x08005764   Number         0  scalbn.o(x$fpl$scalbn)
    x$fpl$trapveneer                         0x080057c0   Section       48  trapv.o(x$fpl$trapveneer)
    $v0                                      0x080057c0   Number         0  trapv.o(x$fpl$trapveneer)
    .constdata                               0x080057f0   Section      136  pow.o(.constdata)
    x$fpl$usenofp                            0x080057f0   Section        0  usenofp.o(x$fpl$usenofp)
    bp                                       0x080057f0   Data          16  pow.o(.constdata)
    dp_h                                     0x08005800   Data          16  pow.o(.constdata)
    dp_l                                     0x08005810   Data          16  pow.o(.constdata)
    L                                        0x08005820   Data          48  pow.o(.constdata)
    P                                        0x08005850   Data          40  pow.o(.constdata)
    .constdata                               0x08005878   Section        8  qnan.o(.constdata)
    .constdata                               0x08005880   Section      148  bigflt0.o(.constdata)
    tenpwrs_x                                0x08005880   Data          60  bigflt0.o(.constdata)
    tenpwrs_i                                0x080058bc   Data          64  bigflt0.o(.constdata)
    locale$$data                             0x08005934   Section       28  lc_numeric_c.o(locale$$data)
    __lcnum_c_name                           0x08005938   Data           2  lc_numeric_c.o(locale$$data)
    __lcnum_c_start                          0x08005940   Data           0  lc_numeric_c.o(locale$$data)
    __lcnum_c_point                          0x0800594c   Data           0  lc_numeric_c.o(locale$$data)
    __lcnum_c_thousands                      0x0800594e   Data           0  lc_numeric_c.o(locale$$data)
    __lcnum_c_grouping                       0x0800594f   Data           0  lc_numeric_c.o(locale$$data)
    __lcnum_c_end                            0x08005950   Data           0  lc_numeric_c.o(locale$$data)
    .data                                    0x20000000   Section       12  main.o(.data)
    .data                                    0x2000000c   Section       20  system_stm32f4xx.o(.data)
    .data                                    0x20000020   Section       44  pid.o(.data)
    .data                                    0x2000004c   Section        8  encoder.o(.data)
    .data                                    0x20000054   Section        4  delay.o(.data)
    fac_us                                   0x20000054   Data           1  delay.o(.data)
    fac_ms                                   0x20000056   Data           2  delay.o(.data)
    .data                                    0x20000058   Section        6  usart.o(.data)
    .data                                    0x2000005e   Section       16  stm32f4xx_rcc.o(.data)
    APBAHBPrescTable                         0x2000005e   Data          16  stm32f4xx_rcc.o(.data)
    .bss                                     0x20000070   Section      200  usart.o(.bss)
    .bss                                     0x20000138   Section       96  libspace.o(.bss)
    HEAP                                     0x20000198   Section      512  startup_stm32f40_41xxx.o(HEAP)
    Heap_Mem                                 0x20000198   Data         512  startup_stm32f40_41xxx.o(HEAP)
    STACK                                    0x20000398   Section     1024  startup_stm32f40_41xxx.o(STACK)
    Stack_Mem                                0x20000398   Data        1024  startup_stm32f40_41xxx.o(STACK)
    __initial_sp                             0x20000798   Data           0  startup_stm32f40_41xxx.o(STACK)

    Global Symbols

    Symbol Name                              Value     Ov Type        Size  Object(Section)

    BuildAttributes$$THM_ISAv4$E$P$D$K$B$S$7EM$VFPi3$EXTD16$VFPS$VFMA$PE$A:L22UL41UL21$X:L11$S22US41US21$IEEE1$IW$USESV6$~STKCKD$USESV7$~SHL$OTIME$ROPI$IEEEX$EBA8$UX$STANDARDLIB$REQ8$PRES8$EABIv2 0x00000000   Number         0  anon$$obj.o ABSOLUTE
    __ARM_use_no_argv                        0x00000000   Number         0  main.o ABSOLUTE
    __ARM_exceptions_init                     - Undefined Weak Reference
    __alloca_initialize                       - Undefined Weak Reference
    __arm_preinit_                            - Undefined Weak Reference
    __cpp_initialize__aeabi_                  - Undefined Weak Reference
    __cxa_finalize                            - Undefined Weak Reference
    __sigvec_lookup                           - Undefined Weak Reference
    _atexit_init                              - Undefined Weak Reference
    _call_atexit_fns                          - Undefined Weak Reference
    _clock_init                               - Undefined Weak Reference
    _fp_trap_init                             - Undefined Weak Reference
    _fp_trap_shutdown                         - Undefined Weak Reference
    _get_lc_collate                           - Undefined Weak Reference
    _get_lc_ctype                             - Undefined Weak Reference
    _get_lc_monetary                          - Undefined Weak Reference
    _get_lc_time                              - Undefined Weak Reference
    _getenv_init                              - Undefined Weak Reference
    _handle_redirection                       - Undefined Weak Reference
    _init_alloc                               - Undefined Weak Reference
    _init_user_alloc                          - Undefined Weak Reference
    _initio                                   - Undefined Weak Reference
    _mutex_acquire                            - Undefined Weak Reference
    _mutex_release                            - Undefined Weak Reference
    _printf_post_padding                      - Undefined Weak Reference
    _printf_pre_padding                       - Undefined Weak Reference
    _printf_truncate_signed                   - Undefined Weak Reference
    _printf_truncate_unsigned                 - Undefined Weak Reference
    _rand_init                                - Undefined Weak Reference
    _signal_finish                            - Undefined Weak Reference
    _signal_init                              - Undefined Weak Reference
    _terminate_alloc                          - Undefined Weak Reference
    _terminate_user_alloc                     - Undefined Weak Reference
    _terminateio                              - Undefined Weak Reference
    __Vectors_Size                           0x00000188   Number         0  startup_stm32f40_41xxx.o ABSOLUTE
    __Vectors                                0x08000000   Data           4  startup_stm32f40_41xxx.o(RESET)
    __Vectors_End                            0x08000188   Data           0  startup_stm32f40_41xxx.o(RESET)
    __main                                   0x08000189   Thumb Code     8  __main.o(!!!main)
    __scatterload                            0x08000191   Thumb Code     0  __scatter.o(!!!scatter)
    __scatterload_rt2                        0x08000191   Thumb Code    44  __scatter.o(!!!scatter)
    __scatterload_rt2_thumb_only             0x08000191   Thumb Code     0  __scatter.o(!!!scatter)
    __scatterload_null                       0x0800019f   Thumb Code     0  __scatter.o(!!!scatter)
    __scatterload_copy                       0x080001c5   Thumb Code    26  __scatter_copy.o(!!handler_copy)
    __scatterload_zeroinit                   0x080001e1   Thumb Code    28  __scatter_zi.o(!!handler_zi)
    _printf_f                                0x080001fd   Thumb Code     0  _printf_f.o(.ARM.Collect$$_printf_percent$$00000003)
    _printf_percent                          0x080001fd   Thumb Code     0  _printf_percent.o(.ARM.Collect$$_printf_percent$$00000000)
    _printf_d                                0x08000203   Thumb Code     0  _printf_d.o(.ARM.Collect$$_printf_percent$$00000009)
    _printf_percent_end                      0x08000209   Thumb Code     0  _printf_percent_end.o(.ARM.Collect$$_printf_percent$$00000017)
    __rt_lib_init                            0x0800020d   Thumb Code     0  libinit.o(.ARM.Collect$$libinit$$00000000)
    __rt_lib_init_fp_1                       0x0800020f   Thumb Code     0  libinit2.o(.ARM.Collect$$libinit$$00000001)
    __rt_lib_init_heap_1                     0x08000213   Thumb Code     0  libinit2.o(.ARM.Collect$$libinit$$0000000A)
    __rt_lib_init_lc_common                  0x08000213   Thumb Code     0  libinit2.o(.ARM.Collect$$libinit$$0000000F)
    __rt_lib_init_preinit_1                  0x08000213   Thumb Code     0  libinit2.o(.ARM.Collect$$libinit$$00000004)
    __rt_lib_init_rand_1                     0x08000213   Thumb Code     0  libinit2.o(.ARM.Collect$$libinit$$0000000E)
    __rt_lib_init_user_alloc_1               0x08000213   Thumb Code     0  libinit2.o(.ARM.Collect$$libinit$$0000000C)
    __rt_lib_init_lc_collate_1               0x08000219   Thumb Code     0  libinit2.o(.ARM.Collect$$libinit$$00000011)
    __rt_lib_init_lc_ctype_1                 0x08000219   Thumb Code     0  libinit2.o(.ARM.Collect$$libinit$$00000013)
    __rt_lib_init_lc_monetary_1              0x08000219   Thumb Code     0  libinit2.o(.ARM.Collect$$libinit$$00000015)
    __rt_lib_init_lc_numeric_2               0x08000219   Thumb Code     0  libinit2.o(.ARM.Collect$$libinit$$00000016)
    __rt_lib_init_alloca_1                   0x08000223   Thumb Code     0  libinit2.o(.ARM.Collect$$libinit$$0000002E)
    __rt_lib_init_argv_1                     0x08000223   Thumb Code     0  libinit2.o(.ARM.Collect$$libinit$$0000002C)
    __rt_lib_init_atexit_1                   0x08000223   Thumb Code     0  libinit2.o(.ARM.Collect$$libinit$$0000001B)
    __rt_lib_init_clock_1                    0x08000223   Thumb Code     0  libinit2.o(.ARM.Collect$$libinit$$00000021)
    __rt_lib_init_cpp_1                      0x08000223   Thumb Code     0  libinit2.o(.ARM.Collect$$libinit$$00000032)
    __rt_lib_init_exceptions_1               0x08000223   Thumb Code     0  libinit2.o(.ARM.Collect$$libinit$$00000030)
    __rt_lib_init_fp_trap_1                  0x08000223   Thumb Code     0  libinit2.o(.ARM.Collect$$libinit$$0000001F)
    __rt_lib_init_getenv_1                   0x08000223   Thumb Code     0  libinit2.o(.ARM.Collect$$libinit$$00000023)
    __rt_lib_init_lc_numeric_1               0x08000223   Thumb Code     0  libinit2.o(.ARM.Collect$$libinit$$00000017)
    __rt_lib_init_lc_time_1                  0x08000223   Thumb Code     0  libinit2.o(.ARM.Collect$$libinit$$00000019)
    __rt_lib_init_return                     0x08000223   Thumb Code     0  libinit2.o(.ARM.Collect$$libinit$$00000033)
    __rt_lib_init_signal_1                   0x08000223   Thumb Code     0  libinit2.o(.ARM.Collect$$libinit$$0000001D)
    __rt_lib_init_stdio_1                    0x08000223   Thumb Code     0  libinit2.o(.ARM.Collect$$libinit$$00000025)
    __rt_lib_shutdown                        0x08000225   Thumb Code     0  libshutdown.o(.ARM.Collect$$libshutdown$$00000000)
    __rt_lib_shutdown_cpp_1                  0x08000227   Thumb Code     0  libshutdown2.o(.ARM.Collect$$libshutdown$$00000002)
    __rt_lib_shutdown_fp_trap_1              0x08000227   Thumb Code     0  libshutdown2.o(.ARM.Collect$$libshutdown$$00000007)
    __rt_lib_shutdown_heap_1                 0x08000227   Thumb Code     0  libshutdown2.o(.ARM.Collect$$libshutdown$$0000000F)
    __rt_lib_shutdown_return                 0x08000227   Thumb Code     0  libshutdown2.o(.ARM.Collect$$libshutdown$$00000010)
    __rt_lib_shutdown_signal_1               0x08000227   Thumb Code     0  libshutdown2.o(.ARM.Collect$$libshutdown$$0000000A)
    __rt_lib_shutdown_stdio_1                0x08000227   Thumb Code     0  libshutdown2.o(.ARM.Collect$$libshutdown$$00000004)
    __rt_lib_shutdown_user_alloc_1           0x08000227   Thumb Code     0  libshutdown2.o(.ARM.Collect$$libshutdown$$0000000C)
    __rt_entry                               0x08000229   Thumb Code     0  __rtentry.o(.ARM.Collect$$rtentry$$00000000)
    __rt_entry_presh_1                       0x08000229   Thumb Code     0  __rtentry2.o(.ARM.Collect$$rtentry$$00000002)
    __rt_entry_sh                            0x08000229   Thumb Code     0  __rtentry4.o(.ARM.Collect$$rtentry$$00000004)
    __rt_entry_li                            0x0800022f   Thumb Code     0  __rtentry2.o(.ARM.Collect$$rtentry$$0000000A)
    __rt_entry_postsh_1                      0x0800022f   Thumb Code     0  __rtentry2.o(.ARM.Collect$$rtentry$$00000009)
    __rt_entry_main                          0x08000233   Thumb Code     0  __rtentry2.o(.ARM.Collect$$rtentry$$0000000D)
    __rt_entry_postli_1                      0x08000233   Thumb Code     0  __rtentry2.o(.ARM.Collect$$rtentry$$0000000C)
    __rt_exit                                0x0800023b   Thumb Code     0  rtexit.o(.ARM.Collect$$rtexit$$00000000)
    __rt_exit_ls                             0x0800023d   Thumb Code     0  rtexit2.o(.ARM.Collect$$rtexit$$00000003)
    __rt_exit_prels_1                        0x0800023d   Thumb Code     0  rtexit2.o(.ARM.Collect$$rtexit$$00000002)
    __rt_exit_exit                           0x08000241   Thumb Code     0  rtexit2.o(.ARM.Collect$$rtexit$$00000004)
    setup                                    0x08000249   Thumb Code    98  main.o(.text)
    main                                     0x080002ab   Thumb Code   468  main.o(.text)
    NMI_Handler                              0x08000539   Thumb Code     2  stm32f4xx_it.o(.text)
    HardFault_Handler                        0x0800053b   Thumb Code     4  stm32f4xx_it.o(.text)
    MemManage_Handler                        0x0800053f   Thumb Code     4  stm32f4xx_it.o(.text)
    BusFault_Handler                         0x08000543   Thumb Code     4  stm32f4xx_it.o(.text)
    UsageFault_Handler                       0x08000547   Thumb Code     4  stm32f4xx_it.o(.text)
    SVC_Handler                              0x0800054b   Thumb Code     2  stm32f4xx_it.o(.text)
    DebugMon_Handler                         0x0800054d   Thumb Code     2  stm32f4xx_it.o(.text)
    PendSV_Handler                           0x0800054f   Thumb Code     2  stm32f4xx_it.o(.text)
    SysTick_Handler                          0x08000551   Thumb Code     2  stm32f4xx_it.o(.text)
    SystemInit                               0x08000631   Thumb Code    88  system_stm32f4xx.o(.text)
    SystemCoreClockUpdate                    0x08000689   Thumb Code   174  system_stm32f4xx.o(.text)
    LED_Init                                 0x08000765   Thumb Code    48  led.o(.text)
    ledToggle                                0x08000795   Thumb Code    22  led.o(.text)
    motor1_TIM1_PWM_Init                     0x080007b9   Thumb Code   152  pwm.o(.text)
    motor2_TIM1_PWM_Init                     0x08000851   Thumb Code   164  pwm.o(.text)
    setKp                                    0x08000901   Thumb Code     8  pid.o(.text)
    setKi                                    0x08000909   Thumb Code    18  pid.o(.text)
    setKd                                    0x0800091b   Thumb Code    18  pid.o(.text)
    setWeights                               0x0800092d   Thumb Code    40  pid.o(.text)
    setRefreshInterval                       0x08000955   Thumb Code     8  pid.o(.text)
    setRefreshRate                           0x0800095d   Thumb Code    16  pid.o(.text)
    setOutputLowerLimit                      0x0800096d   Thumb Code     8  pid.o(.text)
    setOutputUpperLimit                      0x08000975   Thumb Code     8  pid.o(.text)
    setDesiredPoint                          0x0800097d   Thumb Code     8  pid.o(.text)
    refresh                                  0x08000985   Thumb Code   370  pid.o(.text)
    reset                                    0x08000af7   Thumb Code    42  pid.o(.text)
    pidInit                                  0x08000b21   Thumb Code    32  pid.o(.text)
    motorInit                                0x08000b71   Thumb Code    20  motor.o(.text)
    motor1SetPct                             0x08000b85   Thumb Code    14  motor.o(.text)
    motor2SetPct                             0x08000b93   Thumb Code    14  motor.o(.text)
    stopMotor                                0x08000ba1   Thumb Code    16  motor.o(.text)
    Encoder1_Init_TIM4                       0x08000bb5   Thumb Code   178  encoder.o(.text)
    Encoder2_Init_TIM3                       0x08000c67   Thumb Code   176  encoder.o(.text)
    TIM4_IRQHandler                          0x08000d17   Thumb Code    24  encoder.o(.text)
    TIM3_IRQHandler                          0x08000d2f   Thumb Code    24  encoder.o(.text)
    TIM2_Int_Init                            0x08000d47   Thumb Code    90  encoder.o(.text)
    TIM2_IRQHandler                          0x08000da1   Thumb Code    60  encoder.o(.text)
    delay_init                               0x08000df5   Thumb Code    52  delay.o(.text)
    delay_us                                 0x08000e29   Thumb Code    72  delay.o(.text)
    delay_xms                                0x08000e71   Thumb Code    72  delay.o(.text)
    delay_ms                                 0x08000eb9   Thumb Code    56  delay.o(.text)
    _sys_exit                                0x08000ef9   Thumb Code     6  usart.o(.text)
    fputc                                    0x08000eff   Thumb Code    22  usart.o(.text)
    uart_init                                0x08000f15   Thumb Code   164  usart.o(.text)
    USART1_IRQHandler                        0x08000fb9   Thumb Code   122  usart.o(.text)
    Reset_Handler                            0x08001045   Thumb Code     8  startup_stm32f40_41xxx.o(.text)
    ADC_IRQHandler                           0x0800105f   Thumb Code     0  startup_stm32f40_41xxx.o(.text)
    CAN1_RX0_IRQHandler                      0x0800105f   Thumb Code     0  startup_stm32f40_41xxx.o(.text)
    CAN1_RX1_IRQHandler                      0x0800105f   Thumb Code     0  startup_stm32f40_41xxx.o(.text)
    CAN1_SCE_IRQHandler                      0x0800105f   Thumb Code     0  startup_stm32f40_41xxx.o(.text)
    CAN1_TX_IRQHandler                       0x0800105f   Thumb Code     0  startup_stm32f40_41xxx.o(.text)
    CAN2_RX0_IRQHandler                      0x0800105f   Thumb Code     0  startup_stm32f40_41xxx.o(.text)
    CAN2_RX1_IRQHandler                      0x0800105f   Thumb Code     0  startup_stm32f40_41xxx.o(.text)
    CAN2_SCE_IRQHandler                      0x0800105f   Thumb Code     0  startup_stm32f40_41xxx.o(.text)
    CAN2_TX_IRQHandler                       0x0800105f   Thumb Code     0  startup_stm32f40_41xxx.o(.text)
    CRYP_IRQHandler                          0x0800105f   Thumb Code     0  startup_stm32f40_41xxx.o(.text)
    DCMI_IRQHandler                          0x0800105f   Thumb Code     0  startup_stm32f40_41xxx.o(.text)
    DMA1_Stream0_IRQHandler                  0x0800105f   Thumb Code     0  startup_stm32f40_41xxx.o(.text)
    DMA1_Stream1_IRQHandler                  0x0800105f   Thumb Code     0  startup_stm32f40_41xxx.o(.text)
    DMA1_Stream2_IRQHandler                  0x0800105f   Thumb Code     0  startup_stm32f40_41xxx.o(.text)
    DMA1_Stream3_IRQHandler                  0x0800105f   Thumb Code     0  startup_stm32f40_41xxx.o(.text)
    DMA1_Stream4_IRQHandler                  0x0800105f   Thumb Code     0  startup_stm32f40_41xxx.o(.text)
    DMA1_Stream5_IRQHandler                  0x0800105f   Thumb Code     0  startup_stm32f40_41xxx.o(.text)
    DMA1_Stream6_IRQHandler                  0x0800105f   Thumb Code     0  startup_stm32f40_41xxx.o(.text)
    DMA1_Stream7_IRQHandler                  0x0800105f   Thumb Code     0  startup_stm32f40_41xxx.o(.text)
    DMA2_Stream0_IRQHandler                  0x0800105f   Thumb Code     0  startup_stm32f40_41xxx.o(.text)
    DMA2_Stream1_IRQHandler                  0x0800105f   Thumb Code     0  startup_stm32f40_41xxx.o(.text)
    DMA2_Stream2_IRQHandler                  0x0800105f   Thumb Code     0  startup_stm32f40_41xxx.o(.text)
    DMA2_Stream3_IRQHandler                  0x0800105f   Thumb Code     0  startup_stm32f40_41xxx.o(.text)
    DMA2_Stream4_IRQHandler                  0x0800105f   Thumb Code     0  startup_stm32f40_41xxx.o(.text)
    DMA2_Stream5_IRQHandler                  0x0800105f   Thumb Code     0  startup_stm32f40_41xxx.o(.text)
    DMA2_Stream6_IRQHandler                  0x0800105f   Thumb Code     0  startup_stm32f40_41xxx.o(.text)
    DMA2_Stream7_IRQHandler                  0x0800105f   Thumb Code     0  startup_stm32f40_41xxx.o(.text)
    ETH_IRQHandler                           0x0800105f   Thumb Code     0  startup_stm32f40_41xxx.o(.text)
    ETH_WKUP_IRQHandler                      0x0800105f   Thumb Code     0  startup_stm32f40_41xxx.o(.text)
    EXTI0_IRQHandler                         0x0800105f   Thumb Code     0  startup_stm32f40_41xxx.o(.text)
    EXTI15_10_IRQHandler                     0x0800105f   Thumb Code     0  startup_stm32f40_41xxx.o(.text)
    EXTI1_IRQHandler                         0x0800105f   Thumb Code     0  startup_stm32f40_41xxx.o(.text)
    EXTI2_IRQHandler                         0x0800105f   Thumb Code     0  startup_stm32f40_41xxx.o(.text)
    EXTI3_IRQHandler                         0x0800105f   Thumb Code     0  startup_stm32f40_41xxx.o(.text)
    EXTI4_IRQHandler                         0x0800105f   Thumb Code     0  startup_stm32f40_41xxx.o(.text)
    EXTI9_5_IRQHandler                       0x0800105f   Thumb Code     0  startup_stm32f40_41xxx.o(.text)
    FLASH_IRQHandler                         0x0800105f   Thumb Code     0  startup_stm32f40_41xxx.o(.text)
    FPU_IRQHandler                           0x0800105f   Thumb Code     0  startup_stm32f40_41xxx.o(.text)
    FSMC_IRQHandler                          0x0800105f   Thumb Code     0  startup_stm32f40_41xxx.o(.text)
    HASH_RNG_IRQHandler                      0x0800105f   Thumb Code     0  startup_stm32f40_41xxx.o(.text)
    I2C1_ER_IRQHandler                       0x0800105f   Thumb Code     0  startup_stm32f40_41xxx.o(.text)
    I2C1_EV_IRQHandler                       0x0800105f   Thumb Code     0  startup_stm32f40_41xxx.o(.text)
    I2C2_ER_IRQHandler                       0x0800105f   Thumb Code     0  startup_stm32f40_41xxx.o(.text)
    I2C2_EV_IRQHandler                       0x0800105f   Thumb Code     0  startup_stm32f40_41xxx.o(.text)
    I2C3_ER_IRQHandler                       0x0800105f   Thumb Code     0  startup_stm32f40_41xxx.o(.text)
    I2C3_EV_IRQHandler                       0x0800105f   Thumb Code     0  startup_stm32f40_41xxx.o(.text)
    OTG_FS_IRQHandler                        0x0800105f   Thumb Code     0  startup_stm32f40_41xxx.o(.text)
    OTG_FS_WKUP_IRQHandler                   0x0800105f   Thumb Code     0  startup_stm32f40_41xxx.o(.text)
    OTG_HS_EP1_IN_IRQHandler                 0x0800105f   Thumb Code     0  startup_stm32f40_41xxx.o(.text)
    OTG_HS_EP1_OUT_IRQHandler                0x0800105f   Thumb Code     0  startup_stm32f40_41xxx.o(.text)
    OTG_HS_IRQHandler                        0x0800105f   Thumb Code     0  startup_stm32f40_41xxx.o(.text)
    OTG_HS_WKUP_IRQHandler                   0x0800105f   Thumb Code     0  startup_stm32f40_41xxx.o(.text)
    PVD_IRQHandler                           0x0800105f   Thumb Code     0  startup_stm32f40_41xxx.o(.text)
    RCC_IRQHandler                           0x0800105f   Thumb Code     0  startup_stm32f40_41xxx.o(.text)
    RTC_Alarm_IRQHandler                     0x0800105f   Thumb Code     0  startup_stm32f40_41xxx.o(.text)
    RTC_WKUP_IRQHandler                      0x0800105f   Thumb Code     0  startup_stm32f40_41xxx.o(.text)
    SDIO_IRQHandler                          0x0800105f   Thumb Code     0  startup_stm32f40_41xxx.o(.text)
    SPI1_IRQHandler                          0x0800105f   Thumb Code     0  startup_stm32f40_41xxx.o(.text)
    SPI2_IRQHandler                          0x0800105f   Thumb Code     0  startup_stm32f40_41xxx.o(.text)
    SPI3_IRQHandler                          0x0800105f   Thumb Code     0  startup_stm32f40_41xxx.o(.text)
    TAMP_STAMP_IRQHandler                    0x0800105f   Thumb Code     0  startup_stm32f40_41xxx.o(.text)
    TIM1_BRK_TIM9_IRQHandler                 0x0800105f   Thumb Code     0  startup_stm32f40_41xxx.o(.text)
    TIM1_CC_IRQHandler                       0x0800105f   Thumb Code     0  startup_stm32f40_41xxx.o(.text)
    TIM1_TRG_COM_TIM11_IRQHandler            0x0800105f   Thumb Code     0  startup_stm32f40_41xxx.o(.text)
    TIM1_UP_TIM10_IRQHandler                 0x0800105f   Thumb Code     0  startup_stm32f40_41xxx.o(.text)
    TIM5_IRQHandler                          0x0800105f   Thumb Code     0  startup_stm32f40_41xxx.o(.text)
    TIM6_DAC_IRQHandler                      0x0800105f   Thumb Code     0  startup_stm32f40_41xxx.o(.text)
    TIM7_IRQHandler                          0x0800105f   Thumb Code     0  startup_stm32f40_41xxx.o(.text)
    TIM8_BRK_TIM12_IRQHandler                0x0800105f   Thumb Code     0  startup_stm32f40_41xxx.o(.text)
    TIM8_CC_IRQHandler                       0x0800105f   Thumb Code     0  startup_stm32f40_41xxx.o(.text)
    TIM8_TRG_COM_TIM14_IRQHandler            0x0800105f   Thumb Code     0  startup_stm32f40_41xxx.o(.text)
    TIM8_UP_TIM13_IRQHandler                 0x0800105f   Thumb Code     0  startup_stm32f40_41xxx.o(.text)
    UART4_IRQHandler                         0x0800105f   Thumb Code     0  startup_stm32f40_41xxx.o(.text)
    UART5_IRQHandler                         0x0800105f   Thumb Code     0  startup_stm32f40_41xxx.o(.text)
    USART2_IRQHandler                        0x0800105f   Thumb Code     0  startup_stm32f40_41xxx.o(.text)
    USART3_IRQHandler                        0x0800105f   Thumb Code     0  startup_stm32f40_41xxx.o(.text)
    USART6_IRQHandler                        0x0800105f   Thumb Code     0  startup_stm32f40_41xxx.o(.text)
    WWDG_IRQHandler                          0x0800105f   Thumb Code     0  startup_stm32f40_41xxx.o(.text)
    __user_initial_stackheap                 0x08001061   Thumb Code     0  startup_stm32f40_41xxx.o(.text)
    NVIC_PriorityGroupConfig                 0x08001085   Thumb Code    10  misc.o(.text)
    NVIC_Init                                0x0800108f   Thumb Code   106  misc.o(.text)
    NVIC_SetVectorTable                      0x080010f9   Thumb Code    14  misc.o(.text)
    NVIC_SystemLPConfig                      0x08001107   Thumb Code    34  misc.o(.text)
    SysTick_CLKSourceConfig                  0x08001129   Thumb Code    40  misc.o(.text)
    GPIO_DeInit                              0x08001165   Thumb Code   268  stm32f4xx_gpio.o(.text)
    GPIO_Init                                0x08001271   Thumb Code   144  stm32f4xx_gpio.o(.text)
    GPIO_StructInit                          0x08001301   Thumb Code    18  stm32f4xx_gpio.o(.text)
    GPIO_PinLockConfig                       0x08001313   Thumb Code    34  stm32f4xx_gpio.o(.text)
    GPIO_ReadInputDataBit                    0x08001335   Thumb Code    18  stm32f4xx_gpio.o(.text)
    GPIO_ReadInputData                       0x08001347   Thumb Code     8  stm32f4xx_gpio.o(.text)
    GPIO_ReadOutputDataBit                   0x0800134f   Thumb Code    18  stm32f4xx_gpio.o(.text)
    GPIO_ReadOutputData                      0x08001361   Thumb Code     8  stm32f4xx_gpio.o(.text)
    GPIO_SetBits                             0x08001369   Thumb Code     4  stm32f4xx_gpio.o(.text)
    GPIO_ResetBits                           0x0800136d   Thumb Code     4  stm32f4xx_gpio.o(.text)
    GPIO_WriteBit                            0x08001371   Thumb Code    10  stm32f4xx_gpio.o(.text)
    GPIO_Write                               0x0800137b   Thumb Code     4  stm32f4xx_gpio.o(.text)
    GPIO_ToggleBits                          0x0800137f   Thumb Code     8  stm32f4xx_gpio.o(.text)
    GPIO_PinAFConfig                         0x08001387   Thumb Code    70  stm32f4xx_gpio.o(.text)
    USART_DeInit                             0x080013f9   Thumb Code   206  stm32f4xx_usart.o(.text)
    USART_Init                               0x080014c7   Thumb Code   204  stm32f4xx_usart.o(.text)
    USART_StructInit                         0x08001593   Thumb Code    24  stm32f4xx_usart.o(.text)
    USART_ClockInit                          0x080015ab   Thumb Code    32  stm32f4xx_usart.o(.text)
    USART_ClockStructInit                    0x080015cb   Thumb Code    12  stm32f4xx_usart.o(.text)
    USART_Cmd                                0x080015d7   Thumb Code    24  stm32f4xx_usart.o(.text)
    USART_SetPrescaler                       0x080015ef   Thumb Code    16  stm32f4xx_usart.o(.text)
    USART_OverSampling8Cmd                   0x080015ff   Thumb Code    22  stm32f4xx_usart.o(.text)
    USART_OneBitMethodCmd                    0x08001615   Thumb Code    24  stm32f4xx_usart.o(.text)
    USART_SendData                           0x0800162d   Thumb Code     8  stm32f4xx_usart.o(.text)
    USART_ReceiveData                        0x08001635   Thumb Code    10  stm32f4xx_usart.o(.text)
    USART_SetAddress                         0x0800163f   Thumb Code    18  stm32f4xx_usart.o(.text)
    USART_ReceiverWakeUpCmd                  0x08001651   Thumb Code    24  stm32f4xx_usart.o(.text)
    USART_WakeUpConfig                       0x08001669   Thumb Code    18  stm32f4xx_usart.o(.text)
    USART_LINBreakDetectLengthConfig         0x0800167b   Thumb Code    18  stm32f4xx_usart.o(.text)
    USART_LINCmd                             0x0800168d   Thumb Code    24  stm32f4xx_usart.o(.text)
    USART_SendBreak                          0x080016a5   Thumb Code    10  stm32f4xx_usart.o(.text)
    USART_HalfDuplexCmd                      0x080016af   Thumb Code    24  stm32f4xx_usart.o(.text)
    USART_SetGuardTime                       0x080016c7   Thumb Code    16  stm32f4xx_usart.o(.text)
    USART_SmartCardCmd                       0x080016d7   Thumb Code    24  stm32f4xx_usart.o(.text)
    USART_SmartCardNACKCmd                   0x080016ef   Thumb Code    24  stm32f4xx_usart.o(.text)
    USART_IrDAConfig                         0x08001707   Thumb Code    18  stm32f4xx_usart.o(.text)
    USART_IrDACmd                            0x08001719   Thumb Code    24  stm32f4xx_usart.o(.text)
    USART_DMACmd                             0x08001731   Thumb Code    18  stm32f4xx_usart.o(.text)
    USART_ITConfig                           0x08001743   Thumb Code    74  stm32f4xx_usart.o(.text)
    USART_GetFlagStatus                      0x0800178d   Thumb Code    26  stm32f4xx_usart.o(.text)
    USART_ClearFlag                          0x080017a7   Thumb Code    18  stm32f4xx_usart.o(.text)
    USART_GetITStatus                        0x080017b9   Thumb Code   118  stm32f4xx_usart.o(.text)
    USART_ClearITPendingBit                  0x0800182f   Thumb Code    30  stm32f4xx_usart.o(.text)
    TIM_DeInit                               0x0800184d   Thumb Code   346  stm32f4xx_tim.o(.text)
    TIM_TimeBaseInit                         0x080019a7   Thumb Code   104  stm32f4xx_tim.o(.text)
    TIM_TimeBaseStructInit                   0x08001a0f   Thumb Code    18  stm32f4xx_tim.o(.text)
    TIM_PrescalerConfig                      0x08001a21   Thumb Code     6  stm32f4xx_tim.o(.text)
    TIM_CounterModeConfig                    0x08001a27   Thumb Code    18  stm32f4xx_tim.o(.text)
    TIM_SetCounter                           0x08001a39   Thumb Code     4  stm32f4xx_tim.o(.text)
    TIM_SetAutoreload                        0x08001a3d   Thumb Code     4  stm32f4xx_tim.o(.text)
    TIM_GetCounter                           0x08001a41   Thumb Code     6  stm32f4xx_tim.o(.text)
    TIM_GetPrescaler                         0x08001a47   Thumb Code     6  stm32f4xx_tim.o(.text)
    TIM_UpdateDisableConfig                  0x08001a4d   Thumb Code    24  stm32f4xx_tim.o(.text)
    TIM_UpdateRequestConfig                  0x08001a65   Thumb Code    24  stm32f4xx_tim.o(.text)
    TIM_ARRPreloadConfig                     0x08001a7d   Thumb Code    24  stm32f4xx_tim.o(.text)
    TIM_SelectOnePulseMode                   0x08001a95   Thumb Code    18  stm32f4xx_tim.o(.text)
    TIM_SetClockDivision                     0x08001aa7   Thumb Code    18  stm32f4xx_tim.o(.text)
    TIM_Cmd                                  0x08001ab9   Thumb Code    24  stm32f4xx_tim.o(.text)
    TIM_OC1Init                              0x08001ad1   Thumb Code   114  stm32f4xx_tim.o(.text)
    TIM_OC2Init                              0x08001b43   Thumb Code   154  stm32f4xx_tim.o(.text)
    TIM_OC3Init                              0x08001bdd   Thumb Code   204  stm32f4xx_tim.o(.text)
    TIM_OC4Init                              0x08001ca9   Thumb Code   112  stm32f4xx_tim.o(.text)
    TIM_OCStructInit                         0x08001d19   Thumb Code    20  stm32f4xx_tim.o(.text)
    TIM_SelectOCxM                           0x08001d2d   Thumb Code    86  stm32f4xx_tim.o(.text)
    TIM_SetCompare1                          0x08001d83   Thumb Code     4  stm32f4xx_tim.o(.text)
    TIM_SetCompare2                          0x08001d87   Thumb Code     4  stm32f4xx_tim.o(.text)
    TIM_SetCompare3                          0x08001d8b   Thumb Code     4  stm32f4xx_tim.o(.text)
    TIM_SetCompare4                          0x08001d8f   Thumb Code     4  stm32f4xx_tim.o(.text)
    TIM_ForcedOC1Config                      0x08001d93   Thumb Code    18  stm32f4xx_tim.o(.text)
    TIM_ForcedOC2Config                      0x08001da5   Thumb Code    26  stm32f4xx_tim.o(.text)
    TIM_ForcedOC3Config                      0x08001dbf   Thumb Code    18  stm32f4xx_tim.o(.text)
    TIM_ForcedOC4Config                      0x08001dd1   Thumb Code    26  stm32f4xx_tim.o(.text)
    TIM_OC1PreloadConfig                     0x08001deb   Thumb Code    18  stm32f4xx_tim.o(.text)
    TIM_OC2PreloadConfig                     0x08001dfd   Thumb Code    26  stm32f4xx_tim.o(.text)
    TIM_OC3PreloadConfig                     0x08001e17   Thumb Code    18  stm32f4xx_tim.o(.text)
    TIM_OC4PreloadConfig                     0x08001e29   Thumb Code    26  stm32f4xx_tim.o(.text)
    TIM_OC1FastConfig                        0x08001e43   Thumb Code    18  stm32f4xx_tim.o(.text)
    TIM_OC2FastConfig                        0x08001e55   Thumb Code    26  stm32f4xx_tim.o(.text)
    TIM_OC3FastConfig                        0x08001e6f   Thumb Code    18  stm32f4xx_tim.o(.text)
    TIM_OC4FastConfig                        0x08001e81   Thumb Code    26  stm32f4xx_tim.o(.text)
    TIM_ClearOC1Ref                          0x08001e9b   Thumb Code    18  stm32f4xx_tim.o(.text)
    TIM_ClearOC2Ref                          0x08001ead   Thumb Code    24  stm32f4xx_tim.o(.text)
    TIM_ClearOC3Ref                          0x08001ec5   Thumb Code    18  stm32f4xx_tim.o(.text)
    TIM_ClearOC4Ref                          0x08001ed7   Thumb Code    24  stm32f4xx_tim.o(.text)
    TIM_OC1PolarityConfig                    0x08001eef   Thumb Code    18  stm32f4xx_tim.o(.text)
    TIM_OC1NPolarityConfig                   0x08001f01   Thumb Code    18  stm32f4xx_tim.o(.text)
    TIM_OC2PolarityConfig                    0x08001f13   Thumb Code    26  stm32f4xx_tim.o(.text)
    TIM_OC2NPolarityConfig                   0x08001f2d   Thumb Code    26  stm32f4xx_tim.o(.text)
    TIM_OC3PolarityConfig                    0x08001f47   Thumb Code    26  stm32f4xx_tim.o(.text)
    TIM_OC3NPolarityConfig                   0x08001f61   Thumb Code    26  stm32f4xx_tim.o(.text)
    TIM_OC4PolarityConfig                    0x08001f7b   Thumb Code    26  stm32f4xx_tim.o(.text)
    TIM_CCxCmd                               0x08001f95   Thumb Code    30  stm32f4xx_tim.o(.text)
    TIM_CCxNCmd                              0x08001fb3   Thumb Code    30  stm32f4xx_tim.o(.text)
    TIM_SetIC4Prescaler                      0x08001fd1   Thumb Code    26  stm32f4xx_tim.o(.text)
    TIM_SetIC3Prescaler                      0x0800203b   Thumb Code    18  stm32f4xx_tim.o(.text)
    TIM_SetIC2Prescaler                      0x08002095   Thumb Code    26  stm32f4xx_tim.o(.text)
    TIM_SetIC1Prescaler                      0x08002109   Thumb Code    18  stm32f4xx_tim.o(.text)
    TIM_ICInit                               0x08002155   Thumb Code   110  stm32f4xx_tim.o(.text)
    TIM_ICStructInit                         0x080021c3   Thumb Code    18  stm32f4xx_tim.o(.text)
    TIM_PWMIConfig                           0x080021d5   Thumb Code   124  stm32f4xx_tim.o(.text)
    TIM_GetCapture1                          0x08002251   Thumb Code     6  stm32f4xx_tim.o(.text)
    TIM_GetCapture2                          0x08002257   Thumb Code     6  stm32f4xx_tim.o(.text)
    TIM_GetCapture3                          0x0800225d   Thumb Code     6  stm32f4xx_tim.o(.text)
    TIM_GetCapture4                          0x08002263   Thumb Code     6  stm32f4xx_tim.o(.text)
    TIM_BDTRConfig                           0x08002269   Thumb Code    32  stm32f4xx_tim.o(.text)
    TIM_BDTRStructInit                       0x08002289   Thumb Code    18  stm32f4xx_tim.o(.text)
    TIM_CtrlPWMOutputs                       0x0800229b   Thumb Code    30  stm32f4xx_tim.o(.text)
    TIM_SelectCOM                            0x080022b9   Thumb Code    24  stm32f4xx_tim.o(.text)
    TIM_CCPreloadControl                     0x080022d1   Thumb Code    24  stm32f4xx_tim.o(.text)
    TIM_ITConfig                             0x080022e9   Thumb Code    18  stm32f4xx_tim.o(.text)
    TIM_GenerateEvent                        0x080022fb   Thumb Code     4  stm32f4xx_tim.o(.text)
    TIM_GetFlagStatus                        0x080022ff   Thumb Code    18  stm32f4xx_tim.o(.text)
    TIM_ClearFlag                            0x08002311   Thumb Code     6  stm32f4xx_tim.o(.text)
    TIM_GetITStatus                          0x08002317   Thumb Code    34  stm32f4xx_tim.o(.text)
    TIM_ClearITPendingBit                    0x08002339   Thumb Code     6  stm32f4xx_tim.o(.text)
    TIM_DMAConfig                            0x0800233f   Thumb Code    10  stm32f4xx_tim.o(.text)
    TIM_DMACmd                               0x08002349   Thumb Code    18  stm32f4xx_tim.o(.text)
    TIM_SelectCCDMA                          0x0800235b   Thumb Code    24  stm32f4xx_tim.o(.text)
    TIM_InternalClockConfig                  0x08002373   Thumb Code    12  stm32f4xx_tim.o(.text)
    TIM_SelectInputTrigger                   0x0800237f   Thumb Code    18  stm32f4xx_tim.o(.text)
    TIM_ITRxExternalClockConfig              0x08002391   Thumb Code    24  stm32f4xx_tim.o(.text)
    TIM_TIxExternalClockConfig               0x080023a9   Thumb Code    62  stm32f4xx_tim.o(.text)
    TIM_ETRConfig                            0x080023e7   Thumb Code    28  stm32f4xx_tim.o(.text)
    TIM_ETRClockMode1Config                  0x08002403   Thumb Code    54  stm32f4xx_tim.o(.text)
    TIM_ETRClockMode2Config                  0x08002439   Thumb Code    32  stm32f4xx_tim.o(.text)
    TIM_SelectOutputTrigger                  0x08002459   Thumb Code    18  stm32f4xx_tim.o(.text)
    TIM_SelectSlaveMode                      0x0800246b   Thumb Code    18  stm32f4xx_tim.o(.text)
    TIM_SelectMasterSlaveMode                0x0800247d   Thumb Code    18  stm32f4xx_tim.o(.text)
    TIM_EncoderInterfaceConfig               0x0800248f   Thumb Code    66  stm32f4xx_tim.o(.text)
    TIM_SelectHallSensor                     0x080024d1   Thumb Code    24  stm32f4xx_tim.o(.text)
    TIM_RemapConfig                          0x080024e9   Thumb Code     6  stm32f4xx_tim.o(.text)
    RCC_DeInit                               0x080024f1   Thumb Code    82  stm32f4xx_rcc.o(.text)
    RCC_HSEConfig                            0x08002543   Thumb Code    14  stm32f4xx_rcc.o(.text)
    RCC_GetFlagStatus                        0x08002551   Thumb Code    60  stm32f4xx_rcc.o(.text)
    RCC_WaitForHSEStartUp                    0x0800258d   Thumb Code    56  stm32f4xx_rcc.o(.text)
    RCC_AdjustHSICalibrationValue            0x080025c5   Thumb Code    20  stm32f4xx_rcc.o(.text)
    RCC_HSICmd                               0x080025d9   Thumb Code     6  stm32f4xx_rcc.o(.text)
    RCC_LSEConfig                            0x080025df   Thumb Code    46  stm32f4xx_rcc.o(.text)
    RCC_LSICmd                               0x0800260d   Thumb Code     6  stm32f4xx_rcc.o(.text)
    RCC_PLLConfig                            0x08002613   Thumb Code    32  stm32f4xx_rcc.o(.text)
    RCC_PLLCmd                               0x08002633   Thumb Code     6  stm32f4xx_rcc.o(.text)
    RCC_PLLI2SConfig                         0x08002639   Thumb Code    14  stm32f4xx_rcc.o(.text)
    RCC_PLLI2SCmd                            0x08002647   Thumb Code     6  stm32f4xx_rcc.o(.text)
    RCC_PLLSAIConfig                         0x0800264d   Thumb Code    20  stm32f4xx_rcc.o(.text)
    RCC_PLLSAICmd                            0x08002661   Thumb Code     6  stm32f4xx_rcc.o(.text)
    RCC_ClockSecuritySystemCmd               0x08002667   Thumb Code     6  stm32f4xx_rcc.o(.text)
    RCC_MCO1Config                           0x0800266d   Thumb Code    28  stm32f4xx_rcc.o(.text)
    RCC_MCO2Config                           0x08002689   Thumb Code    28  stm32f4xx_rcc.o(.text)
    RCC_SYSCLKConfig                         0x080026a5   Thumb Code    20  stm32f4xx_rcc.o(.text)
    RCC_GetSYSCLKSource                      0x080026b9   Thumb Code    12  stm32f4xx_rcc.o(.text)
    RCC_HCLKConfig                           0x080026c5   Thumb Code    20  stm32f4xx_rcc.o(.text)
    RCC_PCLK1Config                          0x080026d9   Thumb Code    20  stm32f4xx_rcc.o(.text)
    RCC_PCLK2Config                          0x080026ed   Thumb Code    22  stm32f4xx_rcc.o(.text)
    RCC_GetClocksFreq                        0x08002703   Thumb Code   222  stm32f4xx_rcc.o(.text)
    RCC_RTCCLKConfig                         0x080027e1   Thumb Code    54  stm32f4xx_rcc.o(.text)
    RCC_RTCCLKCmd                            0x08002817   Thumb Code     8  stm32f4xx_rcc.o(.text)
    RCC_BackupResetCmd                       0x0800281f   Thumb Code     8  stm32f4xx_rcc.o(.text)
    RCC_I2SCLKConfig                         0x08002827   Thumb Code     6  stm32f4xx_rcc.o(.text)
    RCC_SAIPLLI2SClkDivConfig                0x0800282d   Thumb Code    26  stm32f4xx_rcc.o(.text)
    RCC_SAIPLLSAIClkDivConfig                0x08002847   Thumb Code    28  stm32f4xx_rcc.o(.text)
    RCC_SAIBlockACLKConfig                   0x08002863   Thumb Code    20  stm32f4xx_rcc.o(.text)
    RCC_SAIBlockBCLKConfig                   0x08002877   Thumb Code    20  stm32f4xx_rcc.o(.text)
    RCC_LTDCCLKDivConfig                     0x0800288b   Thumb Code    20  stm32f4xx_rcc.o(.text)
    RCC_TIMCLKPresConfig                     0x0800289f   Thumb Code     6  stm32f4xx_rcc.o(.text)
    RCC_AHB1PeriphClockCmd                   0x080028a5   Thumb Code    34  stm32f4xx_rcc.o(.text)
    RCC_AHB2PeriphClockCmd                   0x080028c7   Thumb Code    78  stm32f4xx_rcc.o(.text)
    RCC_AHB3PeriphClockCmd                   0x08002915   Thumb Code    34  stm32f4xx_rcc.o(.text)
    RCC_APB1PeriphClockCmd                   0x08002937   Thumb Code    34  stm32f4xx_rcc.o(.text)
    RCC_APB2PeriphClockCmd                   0x08002959   Thumb Code    34  stm32f4xx_rcc.o(.text)
    RCC_AHB1PeriphResetCmd                   0x0800297b   Thumb Code    34  stm32f4xx_rcc.o(.text)
    RCC_AHB2PeriphResetCmd                   0x0800299d   Thumb Code    34  stm32f4xx_rcc.o(.text)
    RCC_AHB3PeriphResetCmd                   0x080029bf   Thumb Code    34  stm32f4xx_rcc.o(.text)
    RCC_APB1PeriphResetCmd                   0x080029e1   Thumb Code    34  stm32f4xx_rcc.o(.text)
    RCC_APB2PeriphResetCmd                   0x08002a03   Thumb Code    34  stm32f4xx_rcc.o(.text)
    RCC_AHB1PeriphClockLPModeCmd             0x08002a25   Thumb Code    34  stm32f4xx_rcc.o(.text)
    RCC_AHB2PeriphClockLPModeCmd             0x08002a47   Thumb Code    34  stm32f4xx_rcc.o(.text)
    RCC_AHB3PeriphClockLPModeCmd             0x08002a69   Thumb Code    34  stm32f4xx_rcc.o(.text)
    RCC_APB1PeriphClockLPModeCmd             0x08002a8b   Thumb Code    34  stm32f4xx_rcc.o(.text)
    RCC_APB2PeriphClockLPModeCmd             0x08002aad   Thumb Code    34  stm32f4xx_rcc.o(.text)
    RCC_LSEModeConfig                        0x08002acf   Thumb Code    40  stm32f4xx_rcc.o(.text)
    RCC_ITConfig                             0x08002af7   Thumb Code    34  stm32f4xx_rcc.o(.text)
    RCC_ClearFlag                            0x08002b19   Thumb Code    18  stm32f4xx_rcc.o(.text)
    RCC_GetITStatus                          0x08002b2b   Thumb Code    22  stm32f4xx_rcc.o(.text)
    RCC_ClearITPendingBit                    0x08002b41   Thumb Code     8  stm32f4xx_rcc.o(.text)
    __use_no_semihosting                     0x08002b4d   Thumb Code     2  use_no_semi_2.o(.text)
    __2printf                                0x08002b51   Thumb Code    20  noretval__2printf.o(.text)
    __printf                                 0x08002b69   Thumb Code   104  __printf.o(.text)
    _printf_int_dec                          0x08002bd1   Thumb Code   104  _printf_dec.o(.text)
    __use_two_region_memory                  0x08002c49   Thumb Code     2  heapauxi.o(.text)
    __rt_heap_escrow$2region                 0x08002c4b   Thumb Code     2  heapauxi.o(.text)
    __rt_heap_expand$2region                 0x08002c4d   Thumb Code     2  heapauxi.o(.text)
    __I$use$semihosting                      0x08002c4f   Thumb Code     0  use_no_semi.o(.text)
    __use_no_semihosting_swi                 0x08002c4f   Thumb Code     2  use_no_semi.o(.text)
    __read_errno                             0x08002c51   Thumb Code    10  _rserrno.o(.text)
    __set_errno                              0x08002c5b   Thumb Code    12  _rserrno.o(.text)
    _printf_int_common                       0x08002c67   Thumb Code   178  _printf_intcommon.o(.text)
    __lib_sel_fp_printf                      0x08002d19   Thumb Code     2  _printf_fp_dec.o(.text)
    _printf_fp_dec_real                      0x08002ec7   Thumb Code   620  _printf_fp_dec.o(.text)
    _printf_char_file                        0x08003135   Thumb Code    32  _printf_char_file.o(.text)
    __rt_locale                              0x08003159   Thumb Code     8  rt_locale_intlibspace.o(.text)
    __aeabi_errno_addr                       0x08003161   Thumb Code     8  rt_errno_addr_intlibspace.o(.text)
    __errno$intlibspace                      0x08003161   Thumb Code     0  rt_errno_addr_intlibspace.o(.text)
    __rt_errno_addr$intlibspace              0x08003161   Thumb Code     0  rt_errno_addr_intlibspace.o(.text)
    _ll_udiv10                               0x08003169   Thumb Code   138  lludiv10.o(.text)
    _printf_char_common                      0x080031ff   Thumb Code    32  _printf_char_common.o(.text)
    _printf_fp_infnan                        0x08003225   Thumb Code   112  _printf_fp_infnan.o(.text)
    _btod_etento                             0x080032a5   Thumb Code   216  bigflt0.o(.text)
    ferror                                   0x08003381   Thumb Code     8  ferror.o(.text)
    __user_libspace                          0x08003389   Thumb Code     8  libspace.o(.text)
    __user_perproc_libspace                  0x08003389   Thumb Code     0  libspace.o(.text)
    __user_perthread_libspace                0x08003389   Thumb Code     0  libspace.o(.text)
    __user_setup_stackheap                   0x08003391   Thumb Code    74  sys_stackheap_outer.o(.text)
    exit                                     0x080033db   Thumb Code    18  exit.o(.text)
    strcmp                                   0x080033ed   Thumb Code   128  strcmpv7m.o(.text)
    _btod_d2e                                0x0800346d   Thumb Code    62  btod.o(CL$$btod_d2e)
    _d2e_denorm_low                          0x080034ab   Thumb Code    70  btod.o(CL$$btod_d2e_denorm_low)
    _d2e_norm_op1                            0x080034f1   Thumb Code    96  btod.o(CL$$btod_d2e_norm_op1)
    __btod_div_common                        0x08003551   Thumb Code   696  btod.o(CL$$btod_div_common)
    _e2e                                     0x08003889   Thumb Code   198  btod.o(CL$$btod_e2e)
    _btod_ediv                               0x0800394f   Thumb Code    40  btod.o(CL$$btod_ediv)
    _btod_emul                               0x08003977   Thumb Code    40  btod.o(CL$$btod_emul)
    __btod_mult_common                       0x0800399f   Thumb Code   580  btod.o(CL$$btod_mult_common)
    __ARM_fpclassify                         0x08003be3   Thumb Code    48  fpclassify.o(i.__ARM_fpclassify)
    __hardfp_pow                             0x08003c19   Thumb Code  3072  pow.o(i.__hardfp_pow)
    __kernel_poly                            0x08004869   Thumb Code   248  poly.o(i.__kernel_poly)
    __mathlib_dbl_divzero                    0x08004961   Thumb Code    28  dunder.o(i.__mathlib_dbl_divzero)
    __mathlib_dbl_infnan2                    0x08004991   Thumb Code    20  dunder.o(i.__mathlib_dbl_infnan2)
    __mathlib_dbl_invalid                    0x080049a9   Thumb Code    24  dunder.o(i.__mathlib_dbl_invalid)
    __mathlib_dbl_overflow                   0x080049c9   Thumb Code    24  dunder.o(i.__mathlib_dbl_overflow)
    __mathlib_dbl_underflow                  0x080049e9   Thumb Code    24  dunder.o(i.__mathlib_dbl_underflow)
    fabs                                     0x08004a09   Thumb Code    24  fabs.o(i.fabs)
    sqrt                                     0x08004a21   Thumb Code   110  sqrt.o(i.sqrt)
    _get_lc_numeric                          0x08004a91   Thumb Code    44  lc_numeric_c.o(locale$$code)
    __aeabi_dneg                             0x08004abd   Thumb Code     0  basic.o(x$fpl$basic)
    _dneg                                    0x08004abd   Thumb Code     6  basic.o(x$fpl$basic)
    __aeabi_fneg                             0x08004ac3   Thumb Code     0  basic.o(x$fpl$basic)
    _fneg                                    0x08004ac3   Thumb Code     6  basic.o(x$fpl$basic)
    _dabs                                    0x08004ac9   Thumb Code     6  basic.o(x$fpl$basic)
    _fabs                                    0x08004acf   Thumb Code     6  basic.o(x$fpl$basic)
    __aeabi_dadd                             0x08004ad5   Thumb Code     0  daddsub_clz.o(x$fpl$dadd)
    _dadd                                    0x08004ad5   Thumb Code   332  daddsub_clz.o(x$fpl$dadd)
    __fpl_dcheck_NaN1                        0x08004c25   Thumb Code    10  dcheck1.o(x$fpl$dcheck1)
    __fpl_dcmp_Inf                           0x08004c35   Thumb Code    24  dcmpi.o(x$fpl$dcmpinf)
    __aeabi_ddiv                             0x08004c4d   Thumb Code     0  ddiv.o(x$fpl$ddiv)
    _ddiv                                    0x08004c4d   Thumb Code   552  ddiv.o(x$fpl$ddiv)
    __aeabi_d2uiz                            0x08004efd   Thumb Code     0  dfixu.o(x$fpl$dfixu)
    _dfixu                                   0x08004efd   Thumb Code    90  dfixu.o(x$fpl$dfixu)
    __aeabi_i2d                              0x08004f57   Thumb Code     0  dflt_clz.o(x$fpl$dflt)
    _dflt                                    0x08004f57   Thumb Code    46  dflt_clz.o(x$fpl$dflt)
    __aeabi_ui2d                             0x08004f85   Thumb Code     0  dflt_clz.o(x$fpl$dfltu)
    _dfltu                                   0x08004f85   Thumb Code    38  dflt_clz.o(x$fpl$dfltu)
    __aeabi_cdcmple                          0x08004fad   Thumb Code     0  dleqf.o(x$fpl$dleqf)
    _dcmple                                  0x08004fad   Thumb Code   120  dleqf.o(x$fpl$dleqf)
    __fpl_dcmple_InfNaN                      0x0800500f   Thumb Code     0  dleqf.o(x$fpl$dleqf)
    __aeabi_dmul                             0x08005025   Thumb Code     0  dmul.o(x$fpl$dmul)
    _dmul                                    0x08005025   Thumb Code   332  dmul.o(x$fpl$dmul)
    __fpl_dnaninf                            0x08005179   Thumb Code   156  dnaninf.o(x$fpl$dnaninf)
    __fpl_dretinf                            0x08005215   Thumb Code    12  dretinf.o(x$fpl$dretinf)
    __aeabi_cdrcmple                         0x08005221   Thumb Code     0  drleqf.o(x$fpl$drleqf)
    _drcmple                                 0x08005221   Thumb Code   108  drleqf.o(x$fpl$drleqf)
    __aeabi_drsub                            0x0800528d   Thumb Code     0  daddsub_clz.o(x$fpl$drsb)
    _drsb                                    0x0800528d   Thumb Code    22  daddsub_clz.o(x$fpl$drsb)
    _dsqrt                                   0x080052a5   Thumb Code   404  dsqrt_umaal.o(x$fpl$dsqrt)
    __aeabi_dsub                             0x0800543d   Thumb Code     0  daddsub_clz.o(x$fpl$dsub)
    _dsub                                    0x0800543d   Thumb Code   464  daddsub_clz.o(x$fpl$dsub)
    __aeabi_f2d                              0x08005611   Thumb Code     0  f2d.o(x$fpl$f2d)
    _f2d                                     0x08005611   Thumb Code    86  f2d.o(x$fpl$f2d)
    __fpl_fnaninf                            0x08005667   Thumb Code   140  fnaninf.o(x$fpl$fnaninf)
    _fp_init                                 0x080056f3   Thumb Code    10  fpinit.o(x$fpl$fpinit)
    __fplib_config_fpu_vfp                   0x080056fb   Thumb Code     0  fpinit.o(x$fpl$fpinit)
    __fplib_config_pureend_doubles           0x080056fb   Thumb Code     0  fpinit.o(x$fpl$fpinit)
    _printf_fp_dec                           0x080056fd   Thumb Code     4  printf1.o(x$fpl$printf1)
    __fpl_return_NaN                         0x08005701   Thumb Code   100  retnan.o(x$fpl$retnan)
    __ARM_scalbn                             0x08005765   Thumb Code    92  scalbn.o(x$fpl$scalbn)
    __fpl_cmpreturn                          0x080057c1   Thumb Code    48  trapv.o(x$fpl$trapveneer)
    __I$use$fp                               0x080057f0   Number         0  usenofp.o(x$fpl$usenofp)
    __mathlib_zero                           0x08005878   Data           8  qnan.o(.constdata)
    Region$$Table$$Base                      0x08005914   Number         0  anon$$obj.o(Region$$Table)
    Region$$Table$$Limit                     0x08005934   Number         0  anon$$obj.o(Region$$Table)
    pct1                                     0x20000000   Data           1  main.o(.data)
    pct2                                     0x20000001   Data           1  main.o(.data)
    i                                        0x20000002   Data           1  main.o(.data)
    len                                      0x20000003   Data           1  main.o(.data)
    inputEncoderVal                          0x20000004   Data           2  main.o(.data)
    pidOutput                                0x20000008   Data           4  main.o(.data)
    SystemCoreClock                          0x2000000c   Data           4  system_stm32f4xx.o(.data)
    AHBPrescTable                            0x20000010   Data          16  system_stm32f4xx.o(.data)
    error                                    0x20000020   Data           4  pid.o(.data)
    interval                                 0x20000024   Data           4  pid.o(.data)
    set_point                                0x20000028   Data           4  pid.o(.data)
    output_lower_limit                       0x2000002c   Data           4  pid.o(.data)
    output_upper_limit                       0x20000030   Data           4  pid.o(.data)
    last_error                               0x20000034   Data           4  pid.o(.data)
    last_output                              0x20000038   Data           4  pid.o(.data)
    integral                                 0x2000003c   Data           4  pid.o(.data)
    Ki                                       0x20000040   Data           4  pid.o(.data)
    Kd                                       0x20000044   Data           4  pid.o(.data)
    Kp                                       0x20000048   Data           4  pid.o(.data)
    leftEncoderVal                           0x2000004c   Data           4  encoder.o(.data)
    rightEncoderVal                          0x20000050   Data           4  encoder.o(.data)
    __stdout                                 0x20000058   Data           4  usart.o(.data)
    USART_RX_STA                             0x2000005c   Data           2  usart.o(.data)
    USART_RX_BUF                             0x20000070   Data         200  usart.o(.bss)
    __libspace_start                         0x20000138   Data          96  libspace.o(.bss)
    __temporary_stack_top$libspace           0x20000198   Data           0  libspace.o(.bss)



==============================================================================

Memory Map of the image

  Image Entry point : 0x08000189

  Load Region LR_IROM1 (Base: 0x08000000, Size: 0x000059c0, Max: 0x00080000, ABSOLUTE)

    Execution Region ER_IROM1 (Base: 0x08000000, Size: 0x00005950, Max: 0x00080000, ABSOLUTE)

    Base Addr    Size         Type   Attr      Idx    E Section Name        Object

    0x08000000   0x00000188   Data   RO          408    RESET               startup_stm32f40_41xxx.o
    0x08000188   0x00000008   Code   RO          572  * !!!main             c_w.l(__main.o)
    0x08000190   0x00000034   Code   RO          892    !!!scatter          c_w.l(__scatter.o)
    0x080001c4   0x0000001a   Code   RO          894    !!handler_copy      c_w.l(__scatter_copy.o)
    0x080001de   0x00000002   PAD
    0x080001e0   0x0000001c   Code   RO          896    !!handler_zi        c_w.l(__scatter_zi.o)
    0x080001fc   0x00000000   Code   RO          569    .ARM.Collect$$_printf_percent$$00000000  c_w.l(_printf_percent.o)
    0x080001fc   0x00000006   Code   RO          568    .ARM.Collect$$_printf_percent$$00000003  c_w.l(_printf_f.o)
    0x08000202   0x00000006   Code   RO          567    .ARM.Collect$$_printf_percent$$00000009  c_w.l(_printf_d.o)
    0x08000208   0x00000004   Code   RO          621    .ARM.Collect$$_printf_percent$$00000017  c_w.l(_printf_percent_end.o)
    0x0800020c   0x00000002   Code   RO          763    .ARM.Collect$$libinit$$00000000  c_w.l(libinit.o)
    0x0800020e   0x00000004   Code   RO          764    .ARM.Collect$$libinit$$00000001  c_w.l(libinit2.o)
    0x08000212   0x00000000   Code   RO          767    .ARM.Collect$$libinit$$00000004  c_w.l(libinit2.o)
    0x08000212   0x00000000   Code   RO          770    .ARM.Collect$$libinit$$0000000A  c_w.l(libinit2.o)
    0x08000212   0x00000000   Code   RO          772    .ARM.Collect$$libinit$$0000000C  c_w.l(libinit2.o)
    0x08000212   0x00000000   Code   RO          774    .ARM.Collect$$libinit$$0000000E  c_w.l(libinit2.o)
    0x08000212   0x00000006   Code   RO          775    .ARM.Collect$$libinit$$0000000F  c_w.l(libinit2.o)
    0x08000218   0x00000000   Code   RO          777    .ARM.Collect$$libinit$$00000011  c_w.l(libinit2.o)
    0x08000218   0x00000000   Code   RO          779    .ARM.Collect$$libinit$$00000013  c_w.l(libinit2.o)
    0x08000218   0x00000000   Code   RO          781    .ARM.Collect$$libinit$$00000015  c_w.l(libinit2.o)
    0x08000218   0x0000000a   Code   RO          782    .ARM.Collect$$libinit$$00000016  c_w.l(libinit2.o)
    0x08000222   0x00000000   Code   RO          783    .ARM.Collect$$libinit$$00000017  c_w.l(libinit2.o)
    0x08000222   0x00000000   Code   RO          785    .ARM.Collect$$libinit$$00000019  c_w.l(libinit2.o)
    0x08000222   0x00000000   Code   RO          787    .ARM.Collect$$libinit$$0000001B  c_w.l(libinit2.o)
    0x08000222   0x00000000   Code   RO          789    .ARM.Collect$$libinit$$0000001D  c_w.l(libinit2.o)
    0x08000222   0x00000000   Code   RO          791    .ARM.Collect$$libinit$$0000001F  c_w.l(libinit2.o)
    0x08000222   0x00000000   Code   RO          793    .ARM.Collect$$libinit$$00000021  c_w.l(libinit2.o)
    0x08000222   0x00000000   Code   RO          795    .ARM.Collect$$libinit$$00000023  c_w.l(libinit2.o)
    0x08000222   0x00000000   Code   RO          797    .ARM.Collect$$libinit$$00000025  c_w.l(libinit2.o)
    0x08000222   0x00000000   Code   RO          801    .ARM.Collect$$libinit$$0000002C  c_w.l(libinit2.o)
    0x08000222   0x00000000   Code   RO          803    .ARM.Collect$$libinit$$0000002E  c_w.l(libinit2.o)
    0x08000222   0x00000000   Code   RO          805    .ARM.Collect$$libinit$$00000030  c_w.l(libinit2.o)
    0x08000222   0x00000000   Code   RO          807    .ARM.Collect$$libinit$$00000032  c_w.l(libinit2.o)
    0x08000222   0x00000002   Code   RO          808    .ARM.Collect$$libinit$$00000033  c_w.l(libinit2.o)
    0x08000224   0x00000002   Code   RO          842    .ARM.Collect$$libshutdown$$00000000  c_w.l(libshutdown.o)
    0x08000226   0x00000000   Code   RO          851    .ARM.Collect$$libshutdown$$00000002  c_w.l(libshutdown2.o)
    0x08000226   0x00000000   Code   RO          853    .ARM.Collect$$libshutdown$$00000004  c_w.l(libshutdown2.o)
    0x08000226   0x00000000   Code   RO          856    .ARM.Collect$$libshutdown$$00000007  c_w.l(libshutdown2.o)
    0x08000226   0x00000000   Code   RO          859    .ARM.Collect$$libshutdown$$0000000A  c_w.l(libshutdown2.o)
    0x08000226   0x00000000   Code   RO          861    .ARM.Collect$$libshutdown$$0000000C  c_w.l(libshutdown2.o)
    0x08000226   0x00000000   Code   RO          864    .ARM.Collect$$libshutdown$$0000000F  c_w.l(libshutdown2.o)
    0x08000226   0x00000002   Code   RO          865    .ARM.Collect$$libshutdown$$00000010  c_w.l(libshutdown2.o)
    0x08000228   0x00000000   Code   RO          612    .ARM.Collect$$rtentry$$00000000  c_w.l(__rtentry.o)
    0x08000228   0x00000000   Code   RO          677    .ARM.Collect$$rtentry$$00000002  c_w.l(__rtentry2.o)
    0x08000228   0x00000006   Code   RO          689    .ARM.Collect$$rtentry$$00000004  c_w.l(__rtentry4.o)
    0x0800022e   0x00000000   Code   RO          679    .ARM.Collect$$rtentry$$00000009  c_w.l(__rtentry2.o)
    0x0800022e   0x00000004   Code   RO          680    .ARM.Collect$$rtentry$$0000000A  c_w.l(__rtentry2.o)
    0x08000232   0x00000000   Code   RO          682    .ARM.Collect$$rtentry$$0000000C  c_w.l(__rtentry2.o)
    0x08000232   0x00000008   Code   RO          683    .ARM.Collect$$rtentry$$0000000D  c_w.l(__rtentry2.o)
    0x0800023a   0x00000002   Code   RO          813    .ARM.Collect$$rtexit$$00000000  c_w.l(rtexit.o)
    0x0800023c   0x00000000   Code   RO          822    .ARM.Collect$$rtexit$$00000002  c_w.l(rtexit2.o)
    0x0800023c   0x00000004   Code   RO          823    .ARM.Collect$$rtexit$$00000003  c_w.l(rtexit2.o)
    0x08000240   0x00000006   Code   RO          824    .ARM.Collect$$rtexit$$00000004  c_w.l(rtexit2.o)
    0x08000246   0x00000002   PAD
    0x08000248   0x000002f0   Code   RO            3    .text               main.o
    0x08000538   0x0000001a   Code   RO          164    .text               stm32f4xx_it.o
    0x08000552   0x00000002   PAD
    0x08000554   0x00000210   Code   RO          213    .text               system_stm32f4xx.o
    0x08000764   0x00000054   Code   RO          239    .text               led.o
    0x080007b8   0x00000148   Code   RO          259    .text               pwm.o
    0x08000900   0x00000270   Code   RO          277    .text               pid.o
    0x08000b70   0x00000044   Code   RO          294    .text               motor.o
    0x08000bb4   0x00000240   Code   RO          314    .text               encoder.o
    0x08000df4   0x00000104   Code   RO          337    .text               delay.o
    0x08000ef8   0x0000014c   Code   RO          377    .text               usart.o
    0x08001044   0x00000040   Code   RO          409    .text               startup_stm32f40_41xxx.o
    0x08001084   0x000000e0   Code   RO          415    .text               misc.o
    0x08001164   0x00000294   Code   RO          435    .text               stm32f4xx_gpio.o
    0x080013f8   0x00000454   Code   RO          455    .text               stm32f4xx_usart.o
    0x0800184c   0x00000ca2   Code   RO          475    .text               stm32f4xx_tim.o
    0x080024ee   0x00000002   PAD
    0x080024f0   0x0000065c   Code   RO          515    .text               stm32f4xx_rcc.o
    0x08002b4c   0x00000002   Code   RO          537    .text               c_w.l(use_no_semi_2.o)
    0x08002b4e   0x00000002   PAD
    0x08002b50   0x00000018   Code   RO          541    .text               c_w.l(noretval__2printf.o)
    0x08002b68   0x00000068   Code   RO          543    .text               c_w.l(__printf.o)
    0x08002bd0   0x00000078   Code   RO          545    .text               c_w.l(_printf_dec.o)
    0x08002c48   0x00000006   Code   RO          570    .text               c_w.l(heapauxi.o)
    0x08002c4e   0x00000002   Code   RO          610    .text               c_w.l(use_no_semi.o)
    0x08002c50   0x00000016   Code   RO          613    .text               c_w.l(_rserrno.o)
    0x08002c66   0x000000b2   Code   RO          615    .text               c_w.l(_printf_intcommon.o)
    0x08002d18   0x0000041a   Code   RO          617    .text               c_w.l(_printf_fp_dec.o)
    0x08003132   0x00000002   PAD
    0x08003134   0x00000024   Code   RO          619    .text               c_w.l(_printf_char_file.o)
    0x08003158   0x00000008   Code   RO          694    .text               c_w.l(rt_locale_intlibspace.o)
    0x08003160   0x00000008   Code   RO          699    .text               c_w.l(rt_errno_addr_intlibspace.o)
    0x08003168   0x0000008a   Code   RO          701    .text               c_w.l(lludiv10.o)
    0x080031f2   0x00000002   PAD
    0x080031f4   0x00000030   Code   RO          703    .text               c_w.l(_printf_char_common.o)
    0x08003224   0x00000080   Code   RO          705    .text               c_w.l(_printf_fp_infnan.o)
    0x080032a4   0x000000dc   Code   RO          707    .text               c_w.l(bigflt0.o)
    0x08003380   0x00000008   Code   RO          732    .text               c_w.l(ferror.o)
    0x08003388   0x00000008   Code   RO          747    .text               c_w.l(libspace.o)
    0x08003390   0x0000004a   Code   RO          750    .text               c_w.l(sys_stackheap_outer.o)
    0x080033da   0x00000012   Code   RO          754    .text               c_w.l(exit.o)
    0x080033ec   0x00000080   Code   RO          756    .text               c_w.l(strcmpv7m.o)
    0x0800346c   0x0000003e   Code   RO          710    CL$$btod_d2e        c_w.l(btod.o)
    0x080034aa   0x00000046   Code   RO          712    CL$$btod_d2e_denorm_low  c_w.l(btod.o)
    0x080034f0   0x00000060   Code   RO          711    CL$$btod_d2e_norm_op1  c_w.l(btod.o)
    0x08003550   0x00000338   Code   RO          720    CL$$btod_div_common  c_w.l(btod.o)
    0x08003888   0x000000c6   Code   RO          717    CL$$btod_e2e        c_w.l(btod.o)
    0x0800394e   0x00000028   Code   RO          714    CL$$btod_ediv       c_w.l(btod.o)
    0x08003976   0x00000028   Code   RO          713    CL$$btod_emul       c_w.l(btod.o)
    0x0800399e   0x00000244   Code   RO          719    CL$$btod_mult_common  c_w.l(btod.o)
    0x08003be2   0x00000030   Code   RO          659    i.__ARM_fpclassify  m_wm.l(fpclassify.o)
    0x08003c12   0x00000006   PAD
    0x08003c18   0x00000c50   Code   RO          596    i.__hardfp_pow      m_wm.l(pow.o)
    0x08004868   0x000000f8   Code   RO          661    i.__kernel_poly     m_wm.l(poly.o)
    0x08004960   0x00000030   Code   RO          639    i.__mathlib_dbl_divzero  m_wm.l(dunder.o)
    0x08004990   0x00000014   Code   RO          641    i.__mathlib_dbl_infnan2  m_wm.l(dunder.o)
    0x080049a4   0x00000004   PAD
    0x080049a8   0x00000020   Code   RO          642    i.__mathlib_dbl_invalid  m_wm.l(dunder.o)
    0x080049c8   0x00000020   Code   RO          643    i.__mathlib_dbl_overflow  m_wm.l(dunder.o)
    0x080049e8   0x00000020   Code   RO          645    i.__mathlib_dbl_underflow  m_wm.l(dunder.o)
    0x08004a08   0x00000018   Code   RO          655    i.fabs              m_wm.l(fabs.o)
    0x08004a20   0x0000006e   Code   RO          666    i.sqrt              m_wm.l(sqrt.o)
    0x08004a8e   0x00000002   PAD
    0x08004a90   0x0000002c   Code   RO          737    locale$$code        c_w.l(lc_numeric_c.o)
    0x08004abc   0x00000018   Code   RO          622    x$fpl$basic         fz_wm.l(basic.o)
    0x08004ad4   0x00000150   Code   RO          574    x$fpl$dadd          fz_wm.l(daddsub_clz.o)
    0x08004c24   0x00000010   Code   RO          739    x$fpl$dcheck1       fz_wm.l(dcheck1.o)
    0x08004c34   0x00000018   Code   RO          809    x$fpl$dcmpinf       fz_wm.l(dcmpi.o)
    0x08004c4c   0x000002b0   Code   RO          625    x$fpl$ddiv          fz_wm.l(ddiv.o)
    0x08004efc   0x0000005a   Code   RO          580    x$fpl$dfixu         fz_wm.l(dfixu.o)
    0x08004f56   0x0000002e   Code   RO          585    x$fpl$dflt          fz_wm.l(dflt_clz.o)
    0x08004f84   0x00000026   Code   RO          584    x$fpl$dfltu         fz_wm.l(dflt_clz.o)
    0x08004faa   0x00000002   PAD
    0x08004fac   0x00000078   Code   RO          741    x$fpl$dleqf         fz_wm.l(dleqf.o)
    0x08005024   0x00000154   Code   RO          590    x$fpl$dmul          fz_wm.l(dmul.o)
    0x08005178   0x0000009c   Code   RO          628    x$fpl$dnaninf       fz_wm.l(dnaninf.o)
    0x08005214   0x0000000c   Code   RO          630    x$fpl$dretinf       fz_wm.l(dretinf.o)
    0x08005220   0x0000006c   Code   RO          632    x$fpl$drleqf        fz_wm.l(drleqf.o)
    0x0800528c   0x00000016   Code   RO          575    x$fpl$drsb          fz_wm.l(daddsub_clz.o)
    0x080052a2   0x00000002   PAD
    0x080052a4   0x00000198   Code   RO          743    x$fpl$dsqrt         fz_wm.l(dsqrt_umaal.o)
    0x0800543c   0x000001d4   Code   RO          576    x$fpl$dsub          fz_wm.l(daddsub_clz.o)
    0x08005610   0x00000056   Code   RO          592    x$fpl$f2d           fz_wm.l(f2d.o)
    0x08005666   0x0000008c   Code   RO          634    x$fpl$fnaninf       fz_wm.l(fnaninf.o)
    0x080056f2   0x0000000a   Code   RO          817    x$fpl$fpinit        fz_wm.l(fpinit.o)
    0x080056fc   0x00000004   Code   RO          594    x$fpl$printf1       fz_wm.l(printf1.o)
    0x08005700   0x00000064   Code   RO          811    x$fpl$retnan        fz_wm.l(retnan.o)
    0x08005764   0x0000005c   Code   RO          636    x$fpl$scalbn        fz_wm.l(scalbn.o)
    0x080057c0   0x00000030   Code   RO          819    x$fpl$trapveneer    fz_wm.l(trapv.o)
    0x080057f0   0x00000000   Code   RO          638    x$fpl$usenofp       fz_wm.l(usenofp.o)
    0x080057f0   0x00000088   Data   RO          599    .constdata          m_wm.l(pow.o)
    0x08005878   0x00000008   Data   RO          663    .constdata          m_wm.l(qnan.o)
    0x08005880   0x00000094   Data   RO          708    .constdata          c_w.l(bigflt0.o)
    0x08005914   0x00000020   Data   RO          890    Region$$Table       anon$$obj.o
    0x08005934   0x0000001c   Data   RO          736    locale$$data        c_w.l(lc_numeric_c.o)


    Execution Region RW_IRAM1 (Base: 0x20000000, Size: 0x00000798, Max: 0x00020000, ABSOLUTE)

    Base Addr    Size         Type   Attr      Idx    E Section Name        Object

    0x20000000   0x0000000c   Data   RW            4    .data               main.o
    0x2000000c   0x00000014   Data   RW          214    .data               system_stm32f4xx.o
    0x20000020   0x0000002c   Data   RW          278    .data               pid.o
    0x2000004c   0x00000008   Data   RW          315    .data               encoder.o
    0x20000054   0x00000004   Data   RW          338    .data               delay.o
    0x20000058   0x00000006   Data   RW          379    .data               usart.o
    0x2000005e   0x00000010   Data   RW          516    .data               stm32f4xx_rcc.o
    0x2000006e   0x00000002   PAD
    0x20000070   0x000000c8   Zero   RW          378    .bss                usart.o
    0x20000138   0x00000060   Zero   RW          748    .bss                c_w.l(libspace.o)
    0x20000198   0x00000200   Zero   RW          407    HEAP                startup_stm32f40_41xxx.o
    0x20000398   0x00000400   Zero   RW          406    STACK               startup_stm32f40_41xxx.o


==============================================================================

Image component sizes


      Code (inc. data)   RO Data    RW Data    ZI Data      Debug   Object Name

       260          8          0          4          0       1445   delay.o
       576         24          0          8          0       2123   encoder.o
        84         14          0          0          0        609   led.o
       752        186          0         12          0     282525   main.o
       224         20          0          0          0       1785   misc.o
        68          4          0          0          0        896   motor.o
       624         48          0         44          0       3097   pid.o
       328         12          0          0          0       1196   pwm.o
        64         26        392          0       1536        820   startup_stm32f40_41xxx.o
       660         44          0          0          0       4125   stm32f4xx_gpio.o
        26          0          0          0          0       1206   stm32f4xx_it.o
      1628         52          0         16          0      12984   stm32f4xx_rcc.o
      3234         60          0          0          0      22980   stm32f4xx_tim.o
      1108         34          0          0          0       7848   stm32f4xx_usart.o
       528         46          0         20          0       1727   system_stm32f4xx.o
       332         18          0          6        200       3286   usart.o

    ----------------------------------------------------------------------
     10500        596        424        112       1736     348652   Object Totals
         0          0         32          0          0          0   (incl. Generated)
         4          0          0          2          0          0   (incl. Padding)

    ----------------------------------------------------------------------

      Code (inc. data)   RO Data    RW Data    ZI Data      Debug   Library Member Name

         8          0          0          0          0         68   __main.o
       104          0          0          0          0         84   __printf.o
         0          0          0          0          0          0   __rtentry.o
        12          0          0          0          0          0   __rtentry2.o
         6          0          0          0          0          0   __rtentry4.o
        52          8          0          0          0          0   __scatter.o
        26          0          0          0          0          0   __scatter_copy.o
        28          0          0          0          0          0   __scatter_zi.o
        48          6          0          0          0         96   _printf_char_common.o
        36          4          0          0          0         80   _printf_char_file.o
         6          0          0          0          0          0   _printf_d.o
       120         16          0          0          0         92   _printf_dec.o
         6          0          0          0          0          0   _printf_f.o
      1050          0          0          0          0        216   _printf_fp_dec.o
       128         16          0          0          0         84   _printf_fp_infnan.o
       178          0          0          0          0         88   _printf_intcommon.o
         0          0          0          0          0          0   _printf_percent.o
         4          0          0          0          0          0   _printf_percent_end.o
        22          0          0          0          0        100   _rserrno.o
       220          4        148          0          0         96   bigflt0.o
      1910        128          0          0          0        672   btod.o
        18          0          0          0          0         80   exit.o
         8          0          0          0          0         68   ferror.o
         6          0          0          0          0        152   heapauxi.o
        44         10         28          0          0         76   lc_numeric_c.o
         2          0          0          0          0          0   libinit.o
        22          0          0          0          0          0   libinit2.o
         2          0          0          0          0          0   libshutdown.o
         2          0          0          0          0          0   libshutdown2.o
         8          4          0          0         96         68   libspace.o
       138          0          0          0          0         80   lludiv10.o
        24          4          0          0          0         84   noretval__2printf.o
         8          4          0          0          0         68   rt_errno_addr_intlibspace.o
         8          4          0          0          0         68   rt_locale_intlibspace.o
         2          0          0          0          0          0   rtexit.o
        10          0          0          0          0          0   rtexit2.o
       128          0          0          0          0         68   strcmpv7m.o
        74          0          0          0          0         80   sys_stackheap_outer.o
         2          0          0          0          0         68   use_no_semi.o
         2          0          0          0          0         68   use_no_semi_2.o
        24          0          0          0          0        164   basic.o
       826         16          0          0          0        492   daddsub_clz.o
        16          4          0          0          0        116   dcheck1.o
        24          0          0          0          0        116   dcmpi.o
       688        140          0          0          0        256   ddiv.o
        90          4          0          0          0        140   dfixu.o
        84          0          0          0          0        232   dflt_clz.o
       120          4          0          0          0        140   dleqf.o
       340         12          0          0          0        152   dmul.o
       156          4          0          0          0        140   dnaninf.o
        12          0          0          0          0        116   dretinf.o
       108          0          0          0          0        128   drleqf.o
       408         56          0          0          0        168   dsqrt_umaal.o
        86          4          0          0          0        132   f2d.o
       140          4          0          0          0        132   fnaninf.o
        10          0          0          0          0        116   fpinit.o
         4          0          0          0          0        116   printf1.o
       100          0          0          0          0        116   retnan.o
        92          0          0          0          0        116   scalbn.o
        48          0          0          0          0        116   trapv.o
         0          0          0          0          0          0   usenofp.o
       164         44          0          0          0        620   dunder.o
        24          0          0          0          0        124   fabs.o
        48          0          0          0          0        124   fpclassify.o
       248          0          0          0          0        152   poly.o
      3152        296        136          0          0        352   pow.o
         0          0          8          0          0          0   qnan.o
       110          0          0          0          0        148   sqrt.o

    ----------------------------------------------------------------------
     11620        796        320          0         96       7428   Library Totals
        26          0          0          0          0          0   (incl. Padding)

    ----------------------------------------------------------------------

      Code (inc. data)   RO Data    RW Data    ZI Data      Debug   Library Name

      4472        208        176          0         96       2704   c_w.l
      3376        248          0          0          0       3204   fz_wm.l
      3746        340        144          0          0       1520   m_wm.l

    ----------------------------------------------------------------------
     11620        796        320          0         96       7428   Library Totals

    ----------------------------------------------------------------------

==============================================================================


      Code (inc. data)   RO Data    RW Data    ZI Data      Debug   

     22120       1392        744        112       1832     348824   Grand Totals
     22120       1392        744        112       1832     348824   ELF Image Totals
     22120       1392        744        112          0          0   ROM Totals

==============================================================================

    Total RO  Size (Code + RO Data)                22864 (  22.33kB)
    Total RW  Size (RW Data + ZI Data)              1944 (   1.90kB)
    Total ROM Size (Code + RO Data + RW Data)      22976 (  22.44kB)

==============================================================================

