<html>
<body>
<pre>
<h1>µVision Build Log</h1>
<h2>Tool Versions:</h2>
IDE-Version: ¦ÌVision V5.23.0.0
Copyright (C) 2017 ARM Ltd and ARM Germany GmbH. All rights reserved.
License Information:  ,  , LIC=Z3CVE-5Q0RB-15QTV-PFIGV-JJCCK-0W6BW
 
Tool Versions:
Toolchain:       MDK-ARM Professional  Version: 5.23
Toolchain Path:  C:\Keil_v5\ARM\ARMCC\Bin
C Compiler:      Armcc.exe V5.06 update 4 (build 422)
Assembler:       Armasm.exe V5.06 update 4 (build 422)
Linker/Locator:  ArmLink.exe V5.06 update 4 (build 422)
Library Manager: ArmAr.exe V5.06 update 4 (build 422)
Hex Converter:   FromElf.exe V5.06 update 4 (build 422)
CPU DLL:         SARMCM3.DLL V5.23
Dialog DLL:      DCM.DLL V1.15.0.0
Target DLL:      Segger\JL2CM3.dll V2.99.23.0
Dialog DLL:      TCM.DLL V1.27.0.0
 
<h2>Project:</h2>
D:\desktop\patrol_car3.0\USER\patrol_car.uvprojx
Project File Date:  07/21/2017

<h2>Output:</h2>
*** Using Compiler 'V5.06 update 4 (build 422)', folder: 'C:\Keil_v5\ARM\ARMCC\Bin'
Build target 'patrolCar'
compiling main.c...
..\HARDWARE\led.h(24): warning:  #1295-D: Deprecated declaration ledToggle - give arg types
  void ledToggle();
..\HARDWARE\motor.h(8): warning:  #1295-D: Deprecated declaration stopMotor - give arg types
  void stopMotor();
..\HARDWARE\motor.h(9): warning:  #1-D: last line of file ends without a newline
  // MOTOR_H
..\HARDWARE\PID.h(50): warning:  #1295-D: Deprecated declaration reset - give arg types
  void reset();
..\HARDWARE\PID.h(52): warning:  #1-D: last line of file ends without a newline
  void pidInit(float refresh_interval, float upper_limit, float lower_limit);
..\HARDWARE\servo.h(3): warning:  #1-D: last line of file ends without a newline
  void setServoDegree(u8 degree);//degree´Ó15µ½75
main.c(95): warning:  #1-D: last line of file ends without a newline
  }
main.c: 7 warnings, 0 errors
linking...
Program Size: Code=22856 RO-data=744 RW-data=112 ZI-data=1832  
FromELF: creating hex file...
"..\OBJ\PWM.axf" - 0 Error(s), 7 Warning(s).

<h2>Collection of Component include folders:</h2>
  .\RTE\_patrolCar
  C:\Keil_v5\ARM\PACK\Keil\STM32F4xx_DFP\2.11.0\Drivers\CMSIS\Device\ST\STM32F4xx\Include

<h2>Collection of Component Files used:</h2>
Build Time Elapsed:  00:00:03
</pre>
</body>
</html>
